ARM Linker, 5.03 [Build 69] [MDK-ARM Standard]

==============================================================================

Section Cross References

    global.o(.text) refers to stm32f10x_usart.o(.text) for USART_SendData
    global.o(.text) refers to misc.o(.text) for NVIC_Init
    global.o(.text) refers to stm32f10x_rcc.o(.text) for RCC_HSEConfig
    global.o(.text) refers to stm32f10x_flash.o(.text) for FLASH_PrefetchBufferCmd
    global.o(.text) refers to stm32f10x_gpio.o(.text) for GPIO_WriteBit
    global.o(.text) refers to stm32f10x_dma.o(.text) for DMA_Init
    global.o(.text) refers to global.o(.bss) for mav_tx_buffer
    global.o(.text) refers to stm32f10x_spi.o(.text) for SPI_Init
    global.o(.text) refers to stm32f10x_tim.o(.text) for TIM_TimeBaseInit
    main.o(.text) refers to global.o(.text) for RCC_Configuration
    main.o(.text) refers to adafruit_pn532.o(.text) for begin
    main.o(.text) refers to gmavlinkv1_0.o(.text) for mavlinkSend
    main.o(.text) refers to global.o(.data) for gMav
    main.o(.text) refers to system_stm32f10x.o(.data) for SystemCoreClock
    stm32f10x_it.o(.text) refers to stm32f10x_dma.o(.text) for DMA_GetITStatus
    stm32f10x_it.o(.text) refers to global.o(.data) for timerStick
    eeprom.o(.text) refers to stm32f10x_flash.o(.text) for FLASH_ErasePage
    eeprom.o(.text) refers to global.o(.data) for VirtAddVarTab
    eeprom.o(.text) refers to eeprom.o(.data) for DataVar
    stm32f10x_gpio.o(.text) refers to stm32f10x_rcc.o(.text) for RCC_APB2PeriphResetCmd
    stm32f10x_rcc.o(.text) refers to stm32f10x_rcc.o(.data) for APBAHBPrescTable
    stm32f10x_spi.o(.text) refers to stm32f10x_rcc.o(.text) for RCC_APB2PeriphResetCmd
    stm32f10x_usart.o(.text) refers to stm32f10x_rcc.o(.text) for RCC_APB2PeriphResetCmd
    stm32f10x_tim.o(.text) refers to stm32f10x_rcc.o(.text) for RCC_APB2PeriphResetCmd
    system_stm32f10x.o(.text) refers to system_stm32f10x.o(.data) for SystemCoreClock
    startup_stm32f10x_md.o(RESET) refers to startup_stm32f10x_md.o(STACK) for __initial_sp
    startup_stm32f10x_md.o(RESET) refers to startup_stm32f10x_md.o(.text) for Reset_Handler
    startup_stm32f10x_md.o(RESET) refers to stm32f10x_it.o(.text) for NMI_Handler
    startup_stm32f10x_md.o(.text) refers to system_stm32f10x.o(.text) for SystemInit
    startup_stm32f10x_md.o(.text) refers to entry.o(.ARM.Collect$$$$00000000) for __main
    adafruit_pn532.o(.text) refers to global.o(.text) for delay_us
    adafruit_pn532.o(.text) refers to stm32f10x_gpio.o(.text) for GPIO_SetBits
    adafruit_pn532.o(.text) refers to strncmp.o(.text) for strncmp
    adafruit_pn532.o(.text) refers to printf5.o(i.__0printf$5) for __2printf
    adafruit_pn532.o(.text) refers to adafruit_pn532.o(.data) for pn532ack
    adafruit_pn532.o(.text) refers to adafruit_pn532.o(.bss) for pn532_packetbuffer
    adafruit_pn532.o(.text) refers to memcpya.o(.text) for __aeabi_memcpy
    adafruit_pn532.o(.text) refers to strlen.o(.text) for strlen
    gmavlinkv1_0.o(.text) refers to memcpya.o(.text) for __aeabi_memcpy4
    gmavlinkv1_0.o(.text) refers to stm32f10x_dma.o(.text) for DMA_Cmd
    gmavlinkv1_0.o(.text) refers to memseta.o(.text) for __aeabi_memclr
    gmavlinkv1_0.o(.text) refers to gmavlinkv1_0.o(.bss) for m_mavlink_buffer
    gmavlinkv1_0.o(.text) refers to gmavlinkv1_0.o(.constdata) for mavlink_message_crcs
    gmavlinkv1_0.o(.text) refers to global.o(.data) for gMav
    gmavlinkv1_0.o(.text) refers to global.o(.bss) for mav_tx_buffer
    gmavlinkv1_0.o(.text) refers to gmavlinkv1_0.o(.data) for len
    gmavlinkv1_0.o(.text) refers to global.o(.text) for Lock
    entry.o(.ARM.Collect$$$$00000000) refers (Special) to entry10a.o(.ARM.Collect$$$$0000000D) for __rt_final_cpp
    entry.o(.ARM.Collect$$$$00000000) refers (Special) to entry11a.o(.ARM.Collect$$$$0000000F) for __rt_final_exit
    entry.o(.ARM.Collect$$$$00000000) refers (Special) to entry7b.o(.ARM.Collect$$$$00000008) for _main_clock
    entry.o(.ARM.Collect$$$$00000000) refers (Special) to entry8b.o(.ARM.Collect$$$$0000000A) for _main_cpp_init
    entry.o(.ARM.Collect$$$$00000000) refers (Special) to entry9a.o(.ARM.Collect$$$$0000000B) for _main_init
    entry.o(.ARM.Collect$$$$00000000) refers (Special) to entry5.o(.ARM.Collect$$$$00000004) for _main_scatterload
    entry.o(.ARM.Collect$$$$00000000) refers (Special) to entry2.o(.ARM.Collect$$$$00000001) for _main_stk
    printfb.o(i.__0fprintf$bare) refers to printfb.o(i._printf_core) for _printf_core
    printfb.o(i.__0fprintf$bare) refers to global.o(.text) for fputc
    printfb.o(i.__0printf$bare) refers to printfb.o(i._printf_core) for _printf_core
    printfb.o(i.__0printf$bare) refers to global.o(.text) for fputc
    printfb.o(i.__0printf$bare) refers to stdout.o(.data) for __stdout
    printfb.o(i.__0snprintf$bare) refers to printfb.o(i._printf_core) for _printf_core
    printfb.o(i.__0snprintf$bare) refers to printfb.o(i._snputc) for _snputc
    printfb.o(i.__0sprintf$bare) refers to printfb.o(i._printf_core) for _printf_core
    printfb.o(i.__0sprintf$bare) refers to printfb.o(i._sputc) for _sputc
    printfb.o(i.__0vfprintf$bare) refers to printfb.o(i._printf_core) for _printf_core
    printfb.o(i.__0vfprintf$bare) refers to global.o(.text) for fputc
    printfb.o(i.__0vprintf$bare) refers to printfb.o(i._printf_core) for _printf_core
    printfb.o(i.__0vprintf$bare) refers to global.o(.text) for fputc
    printfb.o(i.__0vprintf$bare) refers to stdout.o(.data) for __stdout
    printfb.o(i.__0vsnprintf$bare) refers to printfb.o(i._printf_core) for _printf_core
    printfb.o(i.__0vsnprintf$bare) refers to printfb.o(i._snputc) for _snputc
    printfb.o(i.__0vsprintf$bare) refers to printfb.o(i._printf_core) for _printf_core
    printfb.o(i.__0vsprintf$bare) refers to printfb.o(i._sputc) for _sputc
    printf0.o(i.__0fprintf$0) refers to printf0.o(i._printf_core) for _printf_core
    printf0.o(i.__0fprintf$0) refers to global.o(.text) for fputc
    printf0.o(i.__0printf$0) refers to printf0.o(i._printf_core) for _printf_core
    printf0.o(i.__0printf$0) refers to global.o(.text) for fputc
    printf0.o(i.__0printf$0) refers to stdout.o(.data) for __stdout
    printf0.o(i.__0snprintf$0) refers to printf0.o(i._printf_core) for _printf_core
    printf0.o(i.__0snprintf$0) refers to printf0.o(i._snputc) for _snputc
    printf0.o(i.__0sprintf$0) refers to printf0.o(i._printf_core) for _printf_core
    printf0.o(i.__0sprintf$0) refers to printf0.o(i._sputc) for _sputc
    printf0.o(i.__0vfprintf$0) refers to printf0.o(i._printf_core) for _printf_core
    printf0.o(i.__0vfprintf$0) refers to global.o(.text) for fputc
    printf0.o(i.__0vprintf$0) refers to printf0.o(i._printf_core) for _printf_core
    printf0.o(i.__0vprintf$0) refers to global.o(.text) for fputc
    printf0.o(i.__0vprintf$0) refers to stdout.o(.data) for __stdout
    printf0.o(i.__0vsnprintf$0) refers to printf0.o(i._printf_core) for _printf_core
    printf0.o(i.__0vsnprintf$0) refers to printf0.o(i._snputc) for _snputc
    printf0.o(i.__0vsprintf$0) refers to printf0.o(i._printf_core) for _printf_core
    printf0.o(i.__0vsprintf$0) refers to printf0.o(i._sputc) for _sputc
    printf1.o(i.__0fprintf$1) refers to printf1.o(i._printf_core) for _printf_core
    printf1.o(i.__0fprintf$1) refers to global.o(.text) for fputc
    printf1.o(i.__0printf$1) refers to printf1.o(i._printf_core) for _printf_core
    printf1.o(i.__0printf$1) refers to global.o(.text) for fputc
    printf1.o(i.__0printf$1) refers to stdout.o(.data) for __stdout
    printf1.o(i.__0snprintf$1) refers to printf1.o(i._printf_core) for _printf_core
    printf1.o(i.__0snprintf$1) refers to printf1.o(i._snputc) for _snputc
    printf1.o(i.__0sprintf$1) refers to printf1.o(i._printf_core) for _printf_core
    printf1.o(i.__0sprintf$1) refers to printf1.o(i._sputc) for _sputc
    printf1.o(i.__0vfprintf$1) refers to printf1.o(i._printf_core) for _printf_core
    printf1.o(i.__0vfprintf$1) refers to global.o(.text) for fputc
    printf1.o(i.__0vprintf$1) refers to printf1.o(i._printf_core) for _printf_core
    printf1.o(i.__0vprintf$1) refers to global.o(.text) for fputc
    printf1.o(i.__0vprintf$1) refers to stdout.o(.data) for __stdout
    printf1.o(i.__0vsnprintf$1) refers to printf1.o(i._printf_core) for _printf_core
    printf1.o(i.__0vsnprintf$1) refers to printf1.o(i._snputc) for _snputc
    printf1.o(i.__0vsprintf$1) refers to printf1.o(i._printf_core) for _printf_core
    printf1.o(i.__0vsprintf$1) refers to printf1.o(i._sputc) for _sputc
    printf1.o(i._printf_core) refers to uidiv.o(.text) for __aeabi_uidivmod
    printf2.o(i.__0fprintf$2) refers to printf2.o(i._printf_core) for _printf_core
    printf2.o(i.__0fprintf$2) refers to global.o(.text) for fputc
    printf2.o(i.__0printf$2) refers to printf2.o(i._printf_core) for _printf_core
    printf2.o(i.__0printf$2) refers to global.o(.text) for fputc
    printf2.o(i.__0printf$2) refers to stdout.o(.data) for __stdout
    printf2.o(i.__0snprintf$2) refers to printf2.o(i._printf_core) for _printf_core
    printf2.o(i.__0snprintf$2) refers to printf2.o(i._snputc) for _snputc
    printf2.o(i.__0sprintf$2) refers to printf2.o(i._printf_core) for _printf_core
    printf2.o(i.__0sprintf$2) refers to printf2.o(i._sputc) for _sputc
    printf2.o(i.__0vfprintf$2) refers to printf2.o(i._printf_core) for _printf_core
    printf2.o(i.__0vfprintf$2) refers to global.o(.text) for fputc
    printf2.o(i.__0vprintf$2) refers to printf2.o(i._printf_core) for _printf_core
    printf2.o(i.__0vprintf$2) refers to global.o(.text) for fputc
    printf2.o(i.__0vprintf$2) refers to stdout.o(.data) for __stdout
    printf2.o(i.__0vsnprintf$2) refers to printf2.o(i._printf_core) for _printf_core
    printf2.o(i.__0vsnprintf$2) refers to printf2.o(i._snputc) for _snputc
    printf2.o(i.__0vsprintf$2) refers to printf2.o(i._printf_core) for _printf_core
    printf2.o(i.__0vsprintf$2) refers to printf2.o(i._sputc) for _sputc
    printf3.o(i.__0fprintf$3) refers to printf3.o(i._printf_core) for _printf_core
    printf3.o(i.__0fprintf$3) refers to global.o(.text) for fputc
    printf3.o(i.__0printf$3) refers to printf3.o(i._printf_core) for _printf_core
    printf3.o(i.__0printf$3) refers to global.o(.text) for fputc
    printf3.o(i.__0printf$3) refers to stdout.o(.data) for __stdout
    printf3.o(i.__0snprintf$3) refers to printf3.o(i._printf_core) for _printf_core
    printf3.o(i.__0snprintf$3) refers to printf3.o(i._snputc) for _snputc
    printf3.o(i.__0sprintf$3) refers to printf3.o(i._printf_core) for _printf_core
    printf3.o(i.__0sprintf$3) refers to printf3.o(i._sputc) for _sputc
    printf3.o(i.__0vfprintf$3) refers to printf3.o(i._printf_core) for _printf_core
    printf3.o(i.__0vfprintf$3) refers to global.o(.text) for fputc
    printf3.o(i.__0vprintf$3) refers to printf3.o(i._printf_core) for _printf_core
    printf3.o(i.__0vprintf$3) refers to global.o(.text) for fputc
    printf3.o(i.__0vprintf$3) refers to stdout.o(.data) for __stdout
    printf3.o(i.__0vsnprintf$3) refers to printf3.o(i._printf_core) for _printf_core
    printf3.o(i.__0vsnprintf$3) refers to printf3.o(i._snputc) for _snputc
    printf3.o(i.__0vsprintf$3) refers to printf3.o(i._printf_core) for _printf_core
    printf3.o(i.__0vsprintf$3) refers to printf3.o(i._sputc) for _sputc
    printf3.o(i._printf_core) refers to uidiv.o(.text) for __aeabi_uidivmod
    printf4.o(i.__0fprintf$4) refers to printf4.o(i._printf_core) for _printf_core
    printf4.o(i.__0fprintf$4) refers to global.o(.text) for fputc
    printf4.o(i.__0printf$4) refers to printf4.o(i._printf_core) for _printf_core
    printf4.o(i.__0printf$4) refers to global.o(.text) for fputc
    printf4.o(i.__0printf$4) refers to stdout.o(.data) for __stdout
    printf4.o(i.__0snprintf$4) refers to printf4.o(i._printf_core) for _printf_core
    printf4.o(i.__0snprintf$4) refers to printf4.o(i._snputc) for _snputc
    printf4.o(i.__0sprintf$4) refers to printf4.o(i._printf_core) for _printf_core
    printf4.o(i.__0sprintf$4) refers to printf4.o(i._sputc) for _sputc
    printf4.o(i.__0vfprintf$4) refers to printf4.o(i._printf_core) for _printf_core
    printf4.o(i.__0vfprintf$4) refers to global.o(.text) for fputc
    printf4.o(i.__0vprintf$4) refers to printf4.o(i._printf_core) for _printf_core
    printf4.o(i.__0vprintf$4) refers to global.o(.text) for fputc
    printf4.o(i.__0vprintf$4) refers to stdout.o(.data) for __stdout
    printf4.o(i.__0vsnprintf$4) refers to printf4.o(i._printf_core) for _printf_core
    printf4.o(i.__0vsnprintf$4) refers to printf4.o(i._snputc) for _snputc
    printf4.o(i.__0vsprintf$4) refers to printf4.o(i._printf_core) for _printf_core
    printf4.o(i.__0vsprintf$4) refers to printf4.o(i._sputc) for _sputc
    printf4.o(i._printf_core) refers to uldiv.o(.text) for __aeabi_uldivmod
    printf5.o(i.__0fprintf$5) refers to printf5.o(i._printf_core) for _printf_core
    printf5.o(i.__0fprintf$5) refers to global.o(.text) for fputc
    printf5.o(i.__0printf$5) refers to printf5.o(i._printf_core) for _printf_core
    printf5.o(i.__0printf$5) refers to global.o(.text) for fputc
    printf5.o(i.__0printf$5) refers to stdout.o(.data) for __stdout
    printf5.o(i.__0snprintf$5) refers to printf5.o(i._printf_core) for _printf_core
    printf5.o(i.__0snprintf$5) refers to printf5.o(i._snputc) for _snputc
    printf5.o(i.__0sprintf$5) refers to printf5.o(i._printf_core) for _printf_core
    printf5.o(i.__0sprintf$5) refers to printf5.o(i._sputc) for _sputc
    printf5.o(i.__0vfprintf$5) refers to printf5.o(i._printf_core) for _printf_core
    printf5.o(i.__0vfprintf$5) refers to global.o(.text) for fputc
    printf5.o(i.__0vprintf$5) refers to printf5.o(i._printf_core) for _printf_core
    printf5.o(i.__0vprintf$5) refers to global.o(.text) for fputc
    printf5.o(i.__0vprintf$5) refers to stdout.o(.data) for __stdout
    printf5.o(i.__0vsnprintf$5) refers to printf5.o(i._printf_core) for _printf_core
    printf5.o(i.__0vsnprintf$5) refers to printf5.o(i._snputc) for _snputc
    printf5.o(i.__0vsprintf$5) refers to printf5.o(i._printf_core) for _printf_core
    printf5.o(i.__0vsprintf$5) refers to printf5.o(i._sputc) for _sputc
    printf5.o(i._printf_core) refers to uldiv.o(.text) for __aeabi_uldivmod
    printf6.o(i.__0fprintf$6) refers to printf6.o(i._printf_core) for _printf_core
    printf6.o(i.__0fprintf$6) refers to global.o(.text) for fputc
    printf6.o(i.__0printf$6) refers to printf6.o(i._printf_core) for _printf_core
    printf6.o(i.__0printf$6) refers to global.o(.text) for fputc
    printf6.o(i.__0printf$6) refers to stdout.o(.data) for __stdout
    printf6.o(i.__0snprintf$6) refers to printf6.o(i._printf_core) for _printf_core
    printf6.o(i.__0snprintf$6) refers to printf6.o(i._snputc) for _snputc
    printf6.o(i.__0sprintf$6) refers to printf6.o(i._printf_core) for _printf_core
    printf6.o(i.__0sprintf$6) refers to printf6.o(i._sputc) for _sputc
    printf6.o(i.__0vfprintf$6) refers to printf6.o(i._printf_core) for _printf_core
    printf6.o(i.__0vfprintf$6) refers to global.o(.text) for fputc
    printf6.o(i.__0vprintf$6) refers to printf6.o(i._printf_core) for _printf_core
    printf6.o(i.__0vprintf$6) refers to global.o(.text) for fputc
    printf6.o(i.__0vprintf$6) refers to stdout.o(.data) for __stdout
    printf6.o(i.__0vsnprintf$6) refers to printf6.o(i._printf_core) for _printf_core
    printf6.o(i.__0vsnprintf$6) refers to printf6.o(i._snputc) for _snputc
    printf6.o(i.__0vsprintf$6) refers to printf6.o(i._printf_core) for _printf_core
    printf6.o(i.__0vsprintf$6) refers to printf6.o(i._sputc) for _sputc
    printf6.o(i._printf_core) refers to printf6.o(i._printf_pre_padding) for _printf_pre_padding
    printf6.o(i._printf_core) refers to uidiv.o(.text) for __aeabi_uidivmod
    printf6.o(i._printf_core) refers to printf6.o(i._printf_post_padding) for _printf_post_padding
    printf7.o(i.__0fprintf$7) refers to printf7.o(i._printf_core) for _printf_core
    printf7.o(i.__0fprintf$7) refers to global.o(.text) for fputc
    printf7.o(i.__0printf$7) refers to printf7.o(i._printf_core) for _printf_core
    printf7.o(i.__0printf$7) refers to global.o(.text) for fputc
    printf7.o(i.__0printf$7) refers to stdout.o(.data) for __stdout
    printf7.o(i.__0snprintf$7) refers to printf7.o(i._printf_core) for _printf_core
    printf7.o(i.__0snprintf$7) refers to printf7.o(i._snputc) for _snputc
    printf7.o(i.__0sprintf$7) refers to printf7.o(i._printf_core) for _printf_core
    printf7.o(i.__0sprintf$7) refers to printf7.o(i._sputc) for _sputc
    printf7.o(i.__0vfprintf$7) refers to printf7.o(i._printf_core) for _printf_core
    printf7.o(i.__0vfprintf$7) refers to global.o(.text) for fputc
    printf7.o(i.__0vprintf$7) refers to printf7.o(i._printf_core) for _printf_core
    printf7.o(i.__0vprintf$7) refers to global.o(.text) for fputc
    printf7.o(i.__0vprintf$7) refers to stdout.o(.data) for __stdout
    printf7.o(i.__0vsnprintf$7) refers to printf7.o(i._printf_core) for _printf_core
    printf7.o(i.__0vsnprintf$7) refers to printf7.o(i._snputc) for _snputc
    printf7.o(i.__0vsprintf$7) refers to printf7.o(i._printf_core) for _printf_core
    printf7.o(i.__0vsprintf$7) refers to printf7.o(i._sputc) for _sputc
    printf7.o(i._printf_core) refers to printf7.o(i._printf_pre_padding) for _printf_pre_padding
    printf7.o(i._printf_core) refers to uldiv.o(.text) for __aeabi_uldivmod
    printf7.o(i._printf_core) refers to printf7.o(i._printf_post_padding) for _printf_post_padding
    printf8.o(i.__0fprintf$8) refers to printf8.o(i._printf_core) for _printf_core
    printf8.o(i.__0fprintf$8) refers to global.o(.text) for fputc
    printf8.o(i.__0printf$8) refers to printf8.o(i._printf_core) for _printf_core
    printf8.o(i.__0printf$8) refers to global.o(.text) for fputc
    printf8.o(i.__0printf$8) refers to stdout.o(.data) for __stdout
    printf8.o(i.__0snprintf$8) refers to printf8.o(i._printf_core) for _printf_core
    printf8.o(i.__0snprintf$8) refers to printf8.o(i._snputc) for _snputc
    printf8.o(i.__0sprintf$8) refers to printf8.o(i._printf_core) for _printf_core
    printf8.o(i.__0sprintf$8) refers to printf8.o(i._sputc) for _sputc
    printf8.o(i.__0vfprintf$8) refers to printf8.o(i._printf_core) for _printf_core
    printf8.o(i.__0vfprintf$8) refers to global.o(.text) for fputc
    printf8.o(i.__0vprintf$8) refers to printf8.o(i._printf_core) for _printf_core
    printf8.o(i.__0vprintf$8) refers to global.o(.text) for fputc
    printf8.o(i.__0vprintf$8) refers to stdout.o(.data) for __stdout
    printf8.o(i.__0vsnprintf$8) refers to printf8.o(i._printf_core) for _printf_core
    printf8.o(i.__0vsnprintf$8) refers to printf8.o(i._snputc) for _snputc
    printf8.o(i.__0vsprintf$8) refers to printf8.o(i._printf_core) for _printf_core
    printf8.o(i.__0vsprintf$8) refers to printf8.o(i._sputc) for _sputc
    printf8.o(i._printf_core) refers to printf8.o(i._printf_pre_padding) for _printf_pre_padding
    printf8.o(i._printf_core) refers to uldiv.o(.text) for __aeabi_uldivmod
    printf8.o(i._printf_core) refers to printf8.o(i._printf_post_padding) for _printf_post_padding
    printfa.o(i.__0fprintf) refers (Special) to iusefp.o(.text) for __I$use$fp
    printfa.o(i.__0fprintf) refers to printfa.o(i._printf_core) for _printf_core
    printfa.o(i.__0fprintf) refers to global.o(.text) for fputc
    printfa.o(i.__0printf) refers (Special) to iusefp.o(.text) for __I$use$fp
    printfa.o(i.__0printf) refers to printfa.o(i._printf_core) for _printf_core
    printfa.o(i.__0printf) refers to global.o(.text) for fputc
    printfa.o(i.__0printf) refers to stdout.o(.data) for __stdout
    printfa.o(i.__0snprintf) refers (Special) to iusefp.o(.text) for __I$use$fp
    printfa.o(i.__0snprintf) refers to printfa.o(i._printf_core) for _printf_core
    printfa.o(i.__0snprintf) refers to printfa.o(i._snputc) for _snputc
    printfa.o(i.__0sprintf) refers (Special) to iusefp.o(.text) for __I$use$fp
    printfa.o(i.__0sprintf) refers to printfa.o(i._printf_core) for _printf_core
    printfa.o(i.__0sprintf) refers to printfa.o(i._sputc) for _sputc
    printfa.o(i.__0vfprintf) refers (Special) to iusefp.o(.text) for __I$use$fp
    printfa.o(i.__0vfprintf) refers to printfa.o(i._printf_core) for _printf_core
    printfa.o(i.__0vfprintf) refers to global.o(.text) for fputc
    printfa.o(i.__0vprintf) refers (Special) to iusefp.o(.text) for __I$use$fp
    printfa.o(i.__0vprintf) refers to printfa.o(i._printf_core) for _printf_core
    printfa.o(i.__0vprintf) refers to global.o(.text) for fputc
    printfa.o(i.__0vprintf) refers to stdout.o(.data) for __stdout
    printfa.o(i.__0vsnprintf) refers (Special) to iusefp.o(.text) for __I$use$fp
    printfa.o(i.__0vsnprintf) refers to printfa.o(i._printf_core) for _printf_core
    printfa.o(i.__0vsnprintf) refers to printfa.o(i._snputc) for _snputc
    printfa.o(i.__0vsprintf) refers (Special) to iusefp.o(.text) for __I$use$fp
    printfa.o(i.__0vsprintf) refers to printfa.o(i._printf_core) for _printf_core
    printfa.o(i.__0vsprintf) refers to printfa.o(i._sputc) for _sputc
    printfa.o(i._fp_digits) refers (Special) to iusefp.o(.text) for __I$use$fp
    printfa.o(i._fp_digits) refers to dmul.o(.text) for __aeabi_dmul
    printfa.o(i._fp_digits) refers to ddiv.o(.text) for __aeabi_ddiv
    printfa.o(i._fp_digits) refers to cdrcmple.o(.text) for __aeabi_cdrcmple
    printfa.o(i._fp_digits) refers to dadd.o(.text) for __aeabi_dadd
    printfa.o(i._fp_digits) refers to dfixul.o(.text) for __aeabi_d2ulz
    printfa.o(i._fp_digits) refers to uldiv.o(.text) for __aeabi_uldivmod
    printfa.o(i._printf_core) refers (Special) to iusefp.o(.text) for __I$use$fp
    printfa.o(i._printf_core) refers to printfa.o(i._printf_pre_padding) for _printf_pre_padding
    printfa.o(i._printf_core) refers to uldiv.o(.text) for __aeabi_uldivmod
    printfa.o(i._printf_core) refers to printfa.o(i._printf_post_padding) for _printf_post_padding
    printfa.o(i._printf_core) refers to printfa.o(i._fp_digits) for _fp_digits
    printfa.o(i._printf_core) refers to uidiv.o(.text) for __aeabi_uidivmod
    printfa.o(i._printf_post_padding) refers (Special) to iusefp.o(.text) for __I$use$fp
    printfa.o(i._printf_pre_padding) refers (Special) to iusefp.o(.text) for __I$use$fp
    printfa.o(i._snputc) refers (Special) to iusefp.o(.text) for __I$use$fp
    printfa.o(i._sputc) refers (Special) to iusefp.o(.text) for __I$use$fp
    entry2.o(.ARM.Collect$$$$00000001) refers to entry2.o(.ARM.Collect$$$$00002712) for __lit__00000000
    entry2.o(.ARM.Collect$$$$00002712) refers to startup_stm32f10x_md.o(STACK) for __initial_sp
    entry2.o(__vectab_stack_and_reset_area) refers to startup_stm32f10x_md.o(STACK) for __initial_sp
    entry2.o(__vectab_stack_and_reset_area) refers to entry.o(.ARM.Collect$$$$00000000) for __main
    entry5.o(.ARM.Collect$$$$00000004) refers to init.o(.text) for __scatterload
    entry9a.o(.ARM.Collect$$$$0000000B) refers to main.o(.text) for main
    entry9b.o(.ARM.Collect$$$$0000000C) refers to main.o(.text) for main
    uldiv.o(.text) refers to llushr.o(.text) for __aeabi_llsr
    uldiv.o(.text) refers to llshl.o(.text) for __aeabi_llsl
    dadd.o(.text) refers to llshl.o(.text) for __aeabi_llsl
    dadd.o(.text) refers to llsshr.o(.text) for __aeabi_lasr
    dadd.o(.text) refers to depilogue.o(.text) for _double_epilogue
    dmul.o(.text) refers to depilogue.o(.text) for _double_epilogue
    ddiv.o(.text) refers to depilogue.o(.text) for _double_round
    dfixul.o(.text) refers to llushr.o(.text) for __aeabi_llsr
    dfixul.o(.text) refers to llshl.o(.text) for __aeabi_llsl
    init.o(.text) refers to entry5.o(.ARM.Collect$$$$00000004) for __main_after_scatterload
    depilogue.o(.text) refers to llshl.o(.text) for __aeabi_llsl
    depilogue.o(.text) refers to llushr.o(.text) for __aeabi_llsr


==============================================================================

Removing Unused input sections from the image.

    Removing main.o(.bss), (32 bytes).
    Removing main.o(.data), (7 bytes).
    Removing eeprom.o(.text), (1090 bytes).
    Removing eeprom.o(.data), (2 bytes).
    Removing stm32f10x_exti.o(.text), (284 bytes).
    Removing core_cm3.o(.emb_text), (32 bytes).
    Removing startup_stm32f10x_md.o(HEAP), (512 bytes).
    Removing dadd.o(.text), (334 bytes).
    Removing dmul.o(.text), (228 bytes).
    Removing ddiv.o(.text), (222 bytes).
    Removing dfixul.o(.text), (48 bytes).
    Removing cdrcmple.o(.text), (40 bytes).
    Removing depilogue.o(.text), (190 bytes).

13 unused section(s) (total 3021 bytes) removed from the image.

==============================================================================

Image Symbol Table

    Local Symbols

    Symbol Name                              Value     Ov Type        Size  Object(Section)

    ../clib/microlib/division.c              0x00000000   Number         0  uidiv.o ABSOLUTE
    ../clib/microlib/division.c              0x00000000   Number         0  uldiv.o ABSOLUTE
    ../clib/microlib/init/entry.s            0x00000000   Number         0  entry.o ABSOLUTE
    ../clib/microlib/init/entry.s            0x00000000   Number         0  entry7b.o ABSOLUTE
    ../clib/microlib/init/entry.s            0x00000000   Number         0  entry8a.o ABSOLUTE
    ../clib/microlib/init/entry.s            0x00000000   Number         0  entry8b.o ABSOLUTE
    ../clib/microlib/init/entry.s            0x00000000   Number         0  entry9a.o ABSOLUTE
    ../clib/microlib/init/entry.s            0x00000000   Number         0  entry9b.o ABSOLUTE
    ../clib/microlib/init/entry.s            0x00000000   Number         0  entry2.o ABSOLUTE
    ../clib/microlib/init/entry.s            0x00000000   Number         0  entry11b.o ABSOLUTE
    ../clib/microlib/init/entry.s            0x00000000   Number         0  entry10a.o ABSOLUTE
    ../clib/microlib/init/entry.s            0x00000000   Number         0  entry10b.o ABSOLUTE
    ../clib/microlib/init/entry.s            0x00000000   Number         0  entry11a.o ABSOLUTE
    ../clib/microlib/init/entry.s            0x00000000   Number         0  entry5.o ABSOLUTE
    ../clib/microlib/init/entry.s            0x00000000   Number         0  entry7a.o ABSOLUTE
    ../clib/microlib/longlong.c              0x00000000   Number         0  llsshr.o ABSOLUTE
    ../clib/microlib/longlong.c              0x00000000   Number         0  llshl.o ABSOLUTE
    ../clib/microlib/longlong.c              0x00000000   Number         0  llushr.o ABSOLUTE
    ../clib/microlib/printf/printf.c         0x00000000   Number         0  printf4.o ABSOLUTE
    ../clib/microlib/printf/printf.c         0x00000000   Number         0  printf3.o ABSOLUTE
    ../clib/microlib/printf/printf.c         0x00000000   Number         0  printf2.o ABSOLUTE
    ../clib/microlib/printf/printf.c         0x00000000   Number         0  printf1.o ABSOLUTE
    ../clib/microlib/printf/printf.c         0x00000000   Number         0  printf0.o ABSOLUTE
    ../clib/microlib/printf/printf.c         0x00000000   Number         0  printfb.o ABSOLUTE
    ../clib/microlib/printf/printf.c         0x00000000   Number         0  printf5.o ABSOLUTE
    ../clib/microlib/printf/printf.c         0x00000000   Number         0  printf6.o ABSOLUTE
    ../clib/microlib/printf/printf.c         0x00000000   Number         0  printf7.o ABSOLUTE
    ../clib/microlib/printf/printf.c         0x00000000   Number         0  printf8.o ABSOLUTE
    ../clib/microlib/printf/printf.c         0x00000000   Number         0  printfa.o ABSOLUTE
    ../clib/microlib/printf/stubs.s          0x00000000   Number         0  stubs.o ABSOLUTE
    ../clib/microlib/stdio/streams.c         0x00000000   Number         0  stdout.o ABSOLUTE
    ../clib/microlib/string/memcpy.c         0x00000000   Number         0  memcpyb.o ABSOLUTE
    ../clib/microlib/string/memcpy.c         0x00000000   Number         0  memcpya.o ABSOLUTE
    ../clib/microlib/string/memset.c         0x00000000   Number         0  memseta.o ABSOLUTE
    ../clib/microlib/string/strlen.c         0x00000000   Number         0  strlen.o ABSOLUTE
    ../clib/microlib/string/strncmp.c        0x00000000   Number         0  strncmp.o ABSOLUTE
    ../clib/microlib/stubs.s                 0x00000000   Number         0  iusefp.o ABSOLUTE
    ../fplib/microlib/fpadd.c                0x00000000   Number         0  dadd.o ABSOLUTE
    ../fplib/microlib/fpdiv.c                0x00000000   Number         0  ddiv.o ABSOLUTE
    ../fplib/microlib/fpepilogue.c           0x00000000   Number         0  depilogue.o ABSOLUTE
    ../fplib/microlib/fpfix.c                0x00000000   Number         0  dfixul.o ABSOLUTE
    ../fplib/microlib/fpmul.c                0x00000000   Number         0  dmul.o ABSOLUTE
    ..\..\Libraries\Adafruit_PN532\Adafruit_PN532.c 0x00000000   Number         0  adafruit_pn532.o ABSOLUTE
    ..\..\Libraries\CMSIS\CM3\CoreSupport\core_cm3.c 0x00000000   Number         0  core_cm3.o ABSOLUTE
    ..\..\Libraries\CMSIS\CM3\DeviceSupport\ST\STM32F10x\startup\arm\startup_stm32f10x_md.s 0x00000000   Number         0  startup_stm32f10x_md.o ABSOLUTE
    ..\..\Libraries\CMSIS\CM3\DeviceSupport\ST\STM32F10x\system_stm32f10x.c 0x00000000   Number         0  system_stm32f10x.o ABSOLUTE
    ..\..\Libraries\STM32F10x_StdPeriph_Driver\src\misc.c 0x00000000   Number         0  misc.o ABSOLUTE
    ..\..\Libraries\STM32F10x_StdPeriph_Driver\src\stm32f10x_dma.c 0x00000000   Number         0  stm32f10x_dma.o ABSOLUTE
    ..\..\Libraries\STM32F10x_StdPeriph_Driver\src\stm32f10x_exti.c 0x00000000   Number         0  stm32f10x_exti.o ABSOLUTE
    ..\..\Libraries\STM32F10x_StdPeriph_Driver\src\stm32f10x_flash.c 0x00000000   Number         0  stm32f10x_flash.o ABSOLUTE
    ..\..\Libraries\STM32F10x_StdPeriph_Driver\src\stm32f10x_gpio.c 0x00000000   Number         0  stm32f10x_gpio.o ABSOLUTE
    ..\..\Libraries\STM32F10x_StdPeriph_Driver\src\stm32f10x_rcc.c 0x00000000   Number         0  stm32f10x_rcc.o ABSOLUTE
    ..\..\Libraries\STM32F10x_StdPeriph_Driver\src\stm32f10x_spi.c 0x00000000   Number         0  stm32f10x_spi.o ABSOLUTE
    ..\..\Libraries\STM32F10x_StdPeriph_Driver\src\stm32f10x_tim.c 0x00000000   Number         0  stm32f10x_tim.o ABSOLUTE
    ..\..\Libraries\STM32F10x_StdPeriph_Driver\src\stm32f10x_usart.c 0x00000000   Number         0  stm32f10x_usart.o ABSOLUTE
    ..\\..\\Libraries\\CMSIS\\CM3\\CoreSupport\\core_cm3.c 0x00000000   Number         0  core_cm3.o ABSOLUTE
    ..\eeprom.c                              0x00000000   Number         0  eeprom.o ABSOLUTE
    ..\gMavlinkV1_0.c                        0x00000000   Number         0  gmavlinkv1_0.o ABSOLUTE
    ..\global.c                              0x00000000   Number         0  global.o ABSOLUTE
    ..\main.c                                0x00000000   Number         0  main.o ABSOLUTE
    ..\stm32f10x_it.c                        0x00000000   Number         0  stm32f10x_it.o ABSOLUTE
    cdrcmple.s                               0x00000000   Number         0  cdrcmple.o ABSOLUTE
    dc.s                                     0x00000000   Number         0  dc.o ABSOLUTE
    handlers.s                               0x00000000   Number         0  handlers.o ABSOLUTE
    init.s                                   0x00000000   Number         0  init.o ABSOLUTE
    RESET                                    0x08000000   Section      236  startup_stm32f10x_md.o(RESET)
    .ARM.Collect$$$$00000000                 0x080000ec   Section        0  entry.o(.ARM.Collect$$$$00000000)
    .ARM.Collect$$$$00000001                 0x080000ec   Section        4  entry2.o(.ARM.Collect$$$$00000001)
    .ARM.Collect$$$$00000004                 0x080000f0   Section        4  entry5.o(.ARM.Collect$$$$00000004)
    .ARM.Collect$$$$00000008                 0x080000f4   Section        0  entry7b.o(.ARM.Collect$$$$00000008)
    .ARM.Collect$$$$0000000A                 0x080000f4   Section        0  entry8b.o(.ARM.Collect$$$$0000000A)
    .ARM.Collect$$$$0000000B                 0x080000f4   Section        8  entry9a.o(.ARM.Collect$$$$0000000B)
    .ARM.Collect$$$$0000000D                 0x080000fc   Section        0  entry10a.o(.ARM.Collect$$$$0000000D)
    .ARM.Collect$$$$0000000F                 0x080000fc   Section        0  entry11a.o(.ARM.Collect$$$$0000000F)
    .ARM.Collect$$$$00002712                 0x080000fc   Section        4  entry2.o(.ARM.Collect$$$$00002712)
    __lit__00000000                          0x080000fc   Data           4  entry2.o(.ARM.Collect$$$$00002712)
    .text                                    0x08000100   Section        0  global.o(.text)
    .text                                    0x080006e8   Section        0  main.o(.text)
    .text                                    0x0800082c   Section        0  stm32f10x_it.o(.text)
    .text                                    0x08000900   Section        0  misc.o(.text)
    .text                                    0x080009dc   Section        0  stm32f10x_flash.o(.text)
    .text                                    0x08000f98   Section        0  stm32f10x_gpio.o(.text)
    .text                                    0x080012f0   Section        0  stm32f10x_rcc.o(.text)
    .text                                    0x08001694   Section        0  stm32f10x_spi.o(.text)
    .text                                    0x080019a0   Section        0  stm32f10x_usart.o(.text)
    .text                                    0x08001da8   Section        0  stm32f10x_tim.o(.text)
    TI4_Config                               0x0800224f   Thumb Code   130  stm32f10x_tim.o(.text)
    TI3_Config                               0x080022e3   Thumb Code   122  stm32f10x_tim.o(.text)
    TI2_Config                               0x08002377   Thumb Code   130  stm32f10x_tim.o(.text)
    TI1_Config                               0x0800240b   Thumb Code   108  stm32f10x_tim.o(.text)
    .text                                    0x08002bc4   Section        0  stm32f10x_dma.o(.text)
    .text                                    0x08002e14   Section        0  system_stm32f10x.o(.text)
    SetSysClockTo72                          0x08002e15   Thumb Code   212  system_stm32f10x.o(.text)
    SetSysClock                              0x08002ee9   Thumb Code     8  system_stm32f10x.o(.text)
    .text                                    0x08002ff0   Section       36  startup_stm32f10x_md.o(.text)
    .text                                    0x08003014   Section        0  adafruit_pn532.o(.text)
    .text                                    0x080038ec   Section        0  gmavlinkv1_0.o(.text)
    crc_accumulate                           0x080038ed   Thumb Code    34  gmavlinkv1_0.o(.text)
    mavlink_parse_char                       0x0800390f   Thumb Code   438  gmavlinkv1_0.o(.text)
    _mavlink_send_uart                       0x08003ac5   Thumb Code    62  gmavlinkv1_0.o(.text)
    mav_array_memcpy                         0x08003b03   Thumb Code    32  gmavlinkv1_0.o(.text)
    mavlink_get_channel_status               0x08003e65   Thumb Code    14  gmavlinkv1_0.o(.text)
    mavlink_finalize_message                 0x08003e73   Thumb Code    36  gmavlinkv1_0.o(.text)
    mavlink_msg_to_send_buffer               0x08003e97   Thumb Code    26  gmavlinkv1_0.o(.text)
    mavlink_start_checksum                   0x08003eb1   Thumb Code    12  gmavlinkv1_0.o(.text)
    mavlink_update_checksum                  0x08003ebd   Thumb Code    16  gmavlinkv1_0.o(.text)
    mavlink_finalize_message_chan            0x08003ecd   Thumb Code   152  gmavlinkv1_0.o(.text)
    .text                                    0x08003f9c   Section        0  memcpya.o(.text)
    .text                                    0x08003fc0   Section        0  memseta.o(.text)
    .text                                    0x08003fe4   Section        0  strlen.o(.text)
    .text                                    0x08003ff2   Section        0  strncmp.o(.text)
    .text                                    0x08004010   Section        0  uldiv.o(.text)
    .text                                    0x08004074   Section       36  init.o(.text)
    .text                                    0x08004098   Section        0  llshl.o(.text)
    .text                                    0x080040b6   Section        0  llushr.o(.text)
    i.__0printf$5                            0x080040d8   Section        0  printf5.o(i.__0printf$5)
    i.__scatterload_copy                     0x080040f8   Section       14  handlers.o(i.__scatterload_copy)
    i.__scatterload_null                     0x08004106   Section        2  handlers.o(i.__scatterload_null)
    i.__scatterload_zeroinit                 0x08004108   Section       14  handlers.o(i.__scatterload_zeroinit)
    i._printf_core                           0x08004118   Section        0  printf5.o(i._printf_core)
    _printf_core                             0x08004119   Thumb Code   658  printf5.o(i._printf_core)
    .constdata                               0x080043d8   Section      256  gmavlinkv1_0.o(.constdata)
    mavlink_message_crcs                     0x080043d8   Data         256  gmavlinkv1_0.o(.constdata)
    .data                                    0x20000000   Section       28  global.o(.data)
    .data                                    0x2000001c   Section       20  stm32f10x_rcc.o(.data)
    APBAHBPrescTable                         0x2000001c   Data          16  stm32f10x_rcc.o(.data)
    ADCPrescTable                            0x2000002c   Data           4  stm32f10x_rcc.o(.data)
    .data                                    0x20000030   Section       20  system_stm32f10x.o(.data)
    .data                                    0x20000044   Section       30  adafruit_pn532.o(.data)
    .data                                    0x20000064   Section       11  gmavlinkv1_0.o(.data)
    data_counter_1                           0x20000064   Data           4  gmavlinkv1_0.o(.data)
    .data                                    0x20000070   Section        4  stdout.o(.data)
    .bss                                     0x20000074   Section      300  global.o(.bss)
    .bss                                     0x200001a0   Section       64  adafruit_pn532.o(.bss)
    .bss                                     0x200001e0   Section     1675  gmavlinkv1_0.o(.bss)
    m_mavlink_status                         0x200001e0   Data          48  gmavlinkv1_0.o(.bss)
    m_mavlink_buffer                         0x20000210   Data        1088  gmavlinkv1_0.o(.bss)
    STACK                                    0x20000870   Section     1024  startup_stm32f10x_md.o(STACK)

    Global Symbols

    Symbol Name                              Value     Ov Type        Size  Object(Section)

    BuildAttributes$$THM_ISAv4$P$D$K$B$S$PE$A:L22UL41UL21$X:L11$S22US41US21$IEEE1$IW$USESV6$~STKCKD$USESV7$~SHL$OSPACE$ROPI$EBA8$MICROLIB$REQ8$PRES8$EABIv2 0x00000000   Number         0  anon$$obj.o ABSOLUTE
    __ARM_use_no_argv                        0x00000000   Number         0  main.o ABSOLUTE
    _printf_a                                0x00000000   Number         0  stubs.o ABSOLUTE
    _printf_c                                0x00000000   Number         0  stubs.o ABSOLUTE
    _printf_charcount                        0x00000000   Number         0  stubs.o ABSOLUTE
    _printf_d                                0x00000000   Number         0  stubs.o ABSOLUTE
    _printf_e                                0x00000000   Number         0  stubs.o ABSOLUTE
    _printf_f                                0x00000000   Number         0  stubs.o ABSOLUTE
    _printf_flags                            0x00000000   Number         0  stubs.o ABSOLUTE
    _printf_fp_dec                           0x00000000   Number         0  stubs.o ABSOLUTE
    _printf_fp_hex                           0x00000000   Number         0  stubs.o ABSOLUTE
    _printf_g                                0x00000000   Number         0  stubs.o ABSOLUTE
    _printf_i                                0x00000000   Number         0  stubs.o ABSOLUTE
    _printf_int_dec                          0x00000000   Number         0  stubs.o ABSOLUTE
    _printf_l                                0x00000000   Number         0  stubs.o ABSOLUTE
    _printf_lc                               0x00000000   Number         0  stubs.o ABSOLUTE
    _printf_ll                               0x00000000   Number         0  stubs.o ABSOLUTE
    _printf_lld                              0x00000000   Number         0  stubs.o ABSOLUTE
    _printf_lli                              0x00000000   Number         0  stubs.o ABSOLUTE
    _printf_llo                              0x00000000   Number         0  stubs.o ABSOLUTE
    _printf_llu                              0x00000000   Number         0  stubs.o ABSOLUTE
    _printf_llx                              0x00000000   Number         0  stubs.o ABSOLUTE
    _printf_longlong_dec                     0x00000000   Number         0  stubs.o ABSOLUTE
    _printf_longlong_hex                     0x00000000   Number         0  stubs.o ABSOLUTE
    _printf_longlong_oct                     0x00000000   Number         0  stubs.o ABSOLUTE
    _printf_ls                               0x00000000   Number         0  stubs.o ABSOLUTE
    _printf_mbtowc                           0x00000000   Number         0  stubs.o ABSOLUTE
    _printf_n                                0x00000000   Number         0  stubs.o ABSOLUTE
    _printf_o                                0x00000000   Number         0  stubs.o ABSOLUTE
    _printf_p                                0x00000000   Number         0  stubs.o ABSOLUTE
    _printf_percent                          0x00000000   Number         0  stubs.o ABSOLUTE
    _printf_pre_padding                      0x00000000   Number         0  stubs.o ABSOLUTE
    _printf_return_value                     0x00000000   Number         0  stubs.o ABSOLUTE
    _printf_s                                0x00000000   Number         0  stubs.o ABSOLUTE
    _printf_sizespec                         0x00000000   Number         0  stubs.o ABSOLUTE
    _printf_str                              0x00000000   Number         0  stubs.o ABSOLUTE
    _printf_truncate_signed                  0x00000000   Number         0  stubs.o ABSOLUTE
    _printf_truncate_unsigned                0x00000000   Number         0  stubs.o ABSOLUTE
    _printf_u                                0x00000000   Number         0  stubs.o ABSOLUTE
    _printf_wc                               0x00000000   Number         0  stubs.o ABSOLUTE
    _printf_wctomb                           0x00000000   Number         0  stubs.o ABSOLUTE
    _printf_widthprec                        0x00000000   Number         0  stubs.o ABSOLUTE
    _printf_x                                0x00000000   Number         0  stubs.o ABSOLUTE
    __cpp_initialize__aeabi_                  - Undefined Weak Reference
    __cxa_finalize                            - Undefined Weak Reference
    __decompress                              - Undefined Weak Reference
    _clock_init                               - Undefined Weak Reference
    _microlib_exit                            - Undefined Weak Reference
    __Vectors_Size                           0x000000ec   Number         0  startup_stm32f10x_md.o ABSOLUTE
    __Vectors                                0x08000000   Data           4  startup_stm32f10x_md.o(RESET)
    __Vectors_End                            0x080000ec   Data           0  startup_stm32f10x_md.o(RESET)
    __main                                   0x080000ed   Thumb Code     0  entry.o(.ARM.Collect$$$$00000000)
    _main_stk                                0x080000ed   Thumb Code     0  entry2.o(.ARM.Collect$$$$00000001)
    _main_scatterload                        0x080000f1   Thumb Code     0  entry5.o(.ARM.Collect$$$$00000004)
    __main_after_scatterload                 0x080000f5   Thumb Code     0  entry5.o(.ARM.Collect$$$$00000004)
    _main_clock                              0x080000f5   Thumb Code     0  entry7b.o(.ARM.Collect$$$$00000008)
    _main_cpp_init                           0x080000f5   Thumb Code     0  entry8b.o(.ARM.Collect$$$$0000000A)
    _main_init                               0x080000f5   Thumb Code     0  entry9a.o(.ARM.Collect$$$$0000000B)
    __rt_final_cpp                           0x080000fd   Thumb Code     0  entry10a.o(.ARM.Collect$$$$0000000D)
    __rt_final_exit                          0x080000fd   Thumb Code     0  entry11a.o(.ARM.Collect$$$$0000000F)
    fputc                                    0x08000101   Thumb Code    32  global.o(.text)
    delay_us                                 0x08000121   Thumb Code    30  global.o(.text)
    delay_ms                                 0x0800013f   Thumb Code    28  global.o(.text)
    NVIC_Configuration                       0x0800015b   Thumb Code    34  global.o(.text)
    RCC_Configuration                        0x0800017d   Thumb Code   126  global.o(.text)
    LedCmd                                   0x080001fb   Thumb Code   114  global.o(.text)
    BuzzerCmd                                0x0800026d   Thumb Code    16  global.o(.text)
    GPIO_Configuration                       0x0800027d   Thumb Code   370  global.o(.text)
    USART_Configuration                      0x080003ef   Thumb Code   214  global.o(.text)
    SPI_Configuration                        0x080004c5   Thumb Code   112  global.o(.text)
    TIM_Configuration                        0x08000535   Thumb Code   112  global.o(.text)
    EXTI_Configuration                       0x080005a5   Thumb Code     2  global.o(.text)
    BeepBuzzer                               0x080005a7   Thumb Code    54  global.o(.text)
    BlinkingLed                              0x080005dd   Thumb Code   148  global.o(.text)
    Lock                                     0x08000671   Thumb Code    28  global.o(.text)
    Unlock                                   0x0800068d   Thumb Code    28  global.o(.text)
    SendChar                                 0x080006a9   Thumb Code    24  global.o(.text)
    GetKey                                   0x080006c1   Thumb Code    24  global.o(.text)
    main                                     0x080006e9   Thumb Code   278  main.o(.text)
    NMI_Handler                              0x0800082d   Thumb Code     2  stm32f10x_it.o(.text)
    HardFault_Handler                        0x0800082f   Thumb Code     4  stm32f10x_it.o(.text)
    MemManage_Handler                        0x08000833   Thumb Code     4  stm32f10x_it.o(.text)
    BusFault_Handler                         0x08000837   Thumb Code     4  stm32f10x_it.o(.text)
    UsageFault_Handler                       0x0800083b   Thumb Code     4  stm32f10x_it.o(.text)
    DebugMon_Handler                         0x0800083f   Thumb Code     2  stm32f10x_it.o(.text)
    SVC_Handler                              0x08000841   Thumb Code     2  stm32f10x_it.o(.text)
    PendSV_Handler                           0x08000843   Thumb Code     2  stm32f10x_it.o(.text)
    SysTick_Handler                          0x08000845   Thumb Code    18  stm32f10x_it.o(.text)
    WWDG_IRQHandler                          0x08000857   Thumb Code     2  stm32f10x_it.o(.text)
    PVD_IRQHandler                           0x08000859   Thumb Code     2  stm32f10x_it.o(.text)
    TAMPER_IRQHandler                        0x0800085b   Thumb Code     2  stm32f10x_it.o(.text)
    RTC_IRQHandler                           0x0800085d   Thumb Code     2  stm32f10x_it.o(.text)
    FLASH_IRQHandler                         0x0800085f   Thumb Code     2  stm32f10x_it.o(.text)
    RCC_IRQHandler                           0x08000861   Thumb Code     2  stm32f10x_it.o(.text)
    EXTI0_IRQHandler                         0x08000863   Thumb Code     2  stm32f10x_it.o(.text)
    EXTI1_IRQHandler                         0x08000865   Thumb Code     2  stm32f10x_it.o(.text)
    EXTI2_IRQHandler                         0x08000867   Thumb Code     2  stm32f10x_it.o(.text)
    EXTI3_IRQHandler                         0x08000869   Thumb Code     2  stm32f10x_it.o(.text)
    EXTI4_IRQHandler                         0x0800086b   Thumb Code     2  stm32f10x_it.o(.text)
    DMA1_Channel1_IRQHandler                 0x0800086d   Thumb Code     2  stm32f10x_it.o(.text)
    DMA1_Channel2_IRQHandler                 0x0800086f   Thumb Code     2  stm32f10x_it.o(.text)
    DMA1_Channel3_IRQHandler                 0x08000871   Thumb Code     2  stm32f10x_it.o(.text)
    DMA1_Channel4_IRQHandler                 0x08000873   Thumb Code    36  stm32f10x_it.o(.text)
    DMA1_Channel5_IRQHandler                 0x08000897   Thumb Code     2  stm32f10x_it.o(.text)
    DMA1_Channel6_IRQHandler                 0x08000899   Thumb Code     2  stm32f10x_it.o(.text)
    DMA1_Channel7_IRQHandler                 0x0800089b   Thumb Code     2  stm32f10x_it.o(.text)
    ADC1_2_IRQHandler                        0x0800089d   Thumb Code     2  stm32f10x_it.o(.text)
    USB_HP_CAN_TX_IRQHandler                 0x0800089f   Thumb Code     2  stm32f10x_it.o(.text)
    USB_LP_CAN_RX0_IRQHandler                0x080008a1   Thumb Code     2  stm32f10x_it.o(.text)
    CAN_RX1_IRQHandler                       0x080008a3   Thumb Code     2  stm32f10x_it.o(.text)
    CAN_SCE_IRQHandler                       0x080008a5   Thumb Code     2  stm32f10x_it.o(.text)
    EXTI9_5_IRQHandler                       0x080008a7   Thumb Code     2  stm32f10x_it.o(.text)
    TIM1_BRK_IRQHandler                      0x080008a9   Thumb Code     2  stm32f10x_it.o(.text)
    TIM1_UP_IRQHandler                       0x080008ab   Thumb Code     2  stm32f10x_it.o(.text)
    TIM1_TRG_COM_IRQHandler                  0x080008ad   Thumb Code     2  stm32f10x_it.o(.text)
    TIM1_CC_IRQHandler                       0x080008af   Thumb Code     2  stm32f10x_it.o(.text)
    TIM2_IRQHandler                          0x080008b1   Thumb Code     2  stm32f10x_it.o(.text)
    TIM3_IRQHandler                          0x080008b3   Thumb Code     2  stm32f10x_it.o(.text)
    TIM4_IRQHandler                          0x080008b5   Thumb Code     2  stm32f10x_it.o(.text)
    I2C1_EV_IRQHandler                       0x080008b7   Thumb Code     2  stm32f10x_it.o(.text)
    I2C1_ER_IRQHandler                       0x080008b9   Thumb Code     2  stm32f10x_it.o(.text)
    I2C2_EV_IRQHandler                       0x080008bb   Thumb Code     2  stm32f10x_it.o(.text)
    I2C2_ER_IRQHandler                       0x080008bd   Thumb Code     2  stm32f10x_it.o(.text)
    SPI1_IRQHandler                          0x080008bf   Thumb Code     2  stm32f10x_it.o(.text)
    SPI2_IRQHandler                          0x080008c1   Thumb Code     2  stm32f10x_it.o(.text)
    USART1_IRQHandler                        0x080008c3   Thumb Code     2  stm32f10x_it.o(.text)
    USART2_IRQHandler                        0x080008c5   Thumb Code     2  stm32f10x_it.o(.text)
    USART3_IRQHandler                        0x080008c7   Thumb Code     2  stm32f10x_it.o(.text)
    EXTI15_10_IRQHandler                     0x080008c9   Thumb Code     2  stm32f10x_it.o(.text)
    RTCAlarm_IRQHandler                      0x080008cb   Thumb Code     2  stm32f10x_it.o(.text)
    USBWakeUp_IRQHandler                     0x080008cd   Thumb Code     2  stm32f10x_it.o(.text)
    TIM8_BRK_IRQHandler                      0x080008cf   Thumb Code     2  stm32f10x_it.o(.text)
    TIM8_UP_IRQHandler                       0x080008d1   Thumb Code     2  stm32f10x_it.o(.text)
    TIM8_TRG_COM_IRQHandler                  0x080008d3   Thumb Code     2  stm32f10x_it.o(.text)
    TIM8_CC_IRQHandler                       0x080008d5   Thumb Code     2  stm32f10x_it.o(.text)
    ADC3_IRQHandler                          0x080008d7   Thumb Code     2  stm32f10x_it.o(.text)
    FSMC_IRQHandler                          0x080008d9   Thumb Code     2  stm32f10x_it.o(.text)
    SDIO_IRQHandler                          0x080008db   Thumb Code     2  stm32f10x_it.o(.text)
    TIM5_IRQHandler                          0x080008dd   Thumb Code     2  stm32f10x_it.o(.text)
    SPI3_IRQHandler                          0x080008df   Thumb Code     2  stm32f10x_it.o(.text)
    UART4_IRQHandler                         0x080008e1   Thumb Code     2  stm32f10x_it.o(.text)
    UART5_IRQHandler                         0x080008e3   Thumb Code     2  stm32f10x_it.o(.text)
    TIM6_IRQHandler                          0x080008e5   Thumb Code     2  stm32f10x_it.o(.text)
    TIM7_IRQHandler                          0x080008e7   Thumb Code     2  stm32f10x_it.o(.text)
    DMA2_Channel1_IRQHandler                 0x080008e9   Thumb Code     2  stm32f10x_it.o(.text)
    DMA2_Channel2_IRQHandler                 0x080008eb   Thumb Code     2  stm32f10x_it.o(.text)
    DMA2_Channel3_IRQHandler                 0x080008ed   Thumb Code     2  stm32f10x_it.o(.text)
    DMA2_Channel4_5_IRQHandler               0x080008ef   Thumb Code     2  stm32f10x_it.o(.text)
    NVIC_PriorityGroupConfig                 0x08000901   Thumb Code    10  misc.o(.text)
    NVIC_Init                                0x0800090b   Thumb Code   102  misc.o(.text)
    NVIC_SetVectorTable                      0x08000971   Thumb Code    14  misc.o(.text)
    NVIC_SystemLPConfig                      0x0800097f   Thumb Code    34  misc.o(.text)
    SysTick_CLKSourceConfig                  0x080009a1   Thumb Code    40  misc.o(.text)
    FLASH_SetLatency                         0x080009dd   Thumb Code    18  stm32f10x_flash.o(.text)
    FLASH_HalfCycleAccessCmd                 0x080009ef   Thumb Code    22  stm32f10x_flash.o(.text)
    FLASH_PrefetchBufferCmd                  0x08000a05   Thumb Code    22  stm32f10x_flash.o(.text)
    FLASH_Unlock                             0x08000a1b   Thumb Code    12  stm32f10x_flash.o(.text)
    FLASH_UnlockBank1                        0x08000a27   Thumb Code    12  stm32f10x_flash.o(.text)
    FLASH_Lock                               0x08000a33   Thumb Code    14  stm32f10x_flash.o(.text)
    FLASH_LockBank1                          0x08000a41   Thumb Code    14  stm32f10x_flash.o(.text)
    FLASH_GetBank1Status                     0x08000a4f   Thumb Code    48  stm32f10x_flash.o(.text)
    FLASH_WaitForLastOperation               0x08000a7f   Thumb Code    38  stm32f10x_flash.o(.text)
    FLASH_ErasePage                          0x08000aa5   Thumb Code    72  stm32f10x_flash.o(.text)
    FLASH_EraseAllPages                      0x08000aed   Thumb Code    68  stm32f10x_flash.o(.text)
    FLASH_WaitForLastBank1Operation          0x08000b31   Thumb Code    38  stm32f10x_flash.o(.text)
    FLASH_EraseAllBank1Pages                 0x08000b57   Thumb Code    68  stm32f10x_flash.o(.text)
    FLASH_GetReadOutProtectionStatus         0x08000b9b   Thumb Code    20  stm32f10x_flash.o(.text)
    FLASH_EraseOptionBytes                   0x08000baf   Thumb Code   150  stm32f10x_flash.o(.text)
    FLASH_ProgramWord                        0x08000c45   Thumb Code   102  stm32f10x_flash.o(.text)
    FLASH_ProgramHalfWord                    0x08000cab   Thumb Code    60  stm32f10x_flash.o(.text)
    FLASH_ProgramOptionByteData              0x08000ce7   Thumb Code    72  stm32f10x_flash.o(.text)
    FLASH_EnableWriteProtection              0x08000d2f   Thumb Code   200  stm32f10x_flash.o(.text)
    FLASH_ReadOutProtection                  0x08000df7   Thumb Code   156  stm32f10x_flash.o(.text)
    FLASH_UserOptionByteConfig               0x08000e93   Thumb Code    88  stm32f10x_flash.o(.text)
    FLASH_GetUserOptionByte                  0x08000eeb   Thumb Code     8  stm32f10x_flash.o(.text)
    FLASH_GetWriteProtectionOptionByte       0x08000ef3   Thumb Code     6  stm32f10x_flash.o(.text)
    FLASH_GetPrefetchBufferStatus            0x08000ef9   Thumb Code    20  stm32f10x_flash.o(.text)
    FLASH_ITConfig                           0x08000f0d   Thumb Code    26  stm32f10x_flash.o(.text)
    FLASH_GetFlagStatus                      0x08000f27   Thumb Code    42  stm32f10x_flash.o(.text)
    FLASH_ClearFlag                          0x08000f51   Thumb Code     6  stm32f10x_flash.o(.text)
    FLASH_GetStatus                          0x08000f57   Thumb Code    48  stm32f10x_flash.o(.text)
    GPIO_DeInit                              0x08000f99   Thumb Code   172  stm32f10x_gpio.o(.text)
    GPIO_AFIODeInit                          0x08001045   Thumb Code    20  stm32f10x_gpio.o(.text)
    GPIO_Init                                0x08001059   Thumb Code   274  stm32f10x_gpio.o(.text)
    GPIO_StructInit                          0x0800116b   Thumb Code    16  stm32f10x_gpio.o(.text)
    GPIO_ReadInputDataBit                    0x0800117b   Thumb Code    18  stm32f10x_gpio.o(.text)
    GPIO_ReadInputData                       0x0800118d   Thumb Code     8  stm32f10x_gpio.o(.text)
    GPIO_ReadOutputDataBit                   0x08001195   Thumb Code    18  stm32f10x_gpio.o(.text)
    GPIO_ReadOutputData                      0x080011a7   Thumb Code     8  stm32f10x_gpio.o(.text)
    GPIO_SetBits                             0x080011af   Thumb Code     4  stm32f10x_gpio.o(.text)
    GPIO_ResetBits                           0x080011b3   Thumb Code     4  stm32f10x_gpio.o(.text)
    GPIO_WriteBit                            0x080011b7   Thumb Code    10  stm32f10x_gpio.o(.text)
    GPIO_Write                               0x080011c1   Thumb Code     4  stm32f10x_gpio.o(.text)
    GPIO_PinLockConfig                       0x080011c5   Thumb Code    18  stm32f10x_gpio.o(.text)
    GPIO_EventOutputConfig                   0x080011d7   Thumb Code    26  stm32f10x_gpio.o(.text)
    GPIO_EventOutputCmd                      0x080011f1   Thumb Code     6  stm32f10x_gpio.o(.text)
    GPIO_PinRemapConfig                      0x080011f7   Thumb Code   138  stm32f10x_gpio.o(.text)
    GPIO_EXTILineConfig                      0x08001281   Thumb Code    66  stm32f10x_gpio.o(.text)
    GPIO_ETH_MediaInterfaceConfig            0x080012c3   Thumb Code     6  stm32f10x_gpio.o(.text)
    RCC_DeInit                               0x080012f1   Thumb Code    64  stm32f10x_rcc.o(.text)
    RCC_HSEConfig                            0x08001331   Thumb Code    70  stm32f10x_rcc.o(.text)
    RCC_GetFlagStatus                        0x08001377   Thumb Code    56  stm32f10x_rcc.o(.text)
    RCC_WaitForHSEStartUp                    0x080013af   Thumb Code    56  stm32f10x_rcc.o(.text)
    RCC_AdjustHSICalibrationValue            0x080013e7   Thumb Code    20  stm32f10x_rcc.o(.text)
    RCC_HSICmd                               0x080013fb   Thumb Code     6  stm32f10x_rcc.o(.text)
    RCC_PLLConfig                            0x08001401   Thumb Code    24  stm32f10x_rcc.o(.text)
    RCC_PLLCmd                               0x08001419   Thumb Code     6  stm32f10x_rcc.o(.text)
    RCC_SYSCLKConfig                         0x0800141f   Thumb Code    18  stm32f10x_rcc.o(.text)
    RCC_GetSYSCLKSource                      0x08001431   Thumb Code    10  stm32f10x_rcc.o(.text)
    RCC_HCLKConfig                           0x0800143b   Thumb Code    18  stm32f10x_rcc.o(.text)
    RCC_PCLK1Config                          0x0800144d   Thumb Code    18  stm32f10x_rcc.o(.text)
    RCC_PCLK2Config                          0x0800145f   Thumb Code    20  stm32f10x_rcc.o(.text)
    RCC_ITConfig                             0x08001473   Thumb Code    26  stm32f10x_rcc.o(.text)
    RCC_USBCLKConfig                         0x0800148d   Thumb Code     6  stm32f10x_rcc.o(.text)
    RCC_ADCCLKConfig                         0x08001493   Thumb Code    18  stm32f10x_rcc.o(.text)
    RCC_LSEConfig                            0x080014a5   Thumb Code    44  stm32f10x_rcc.o(.text)
    RCC_LSICmd                               0x080014d1   Thumb Code     6  stm32f10x_rcc.o(.text)
    RCC_RTCCLKConfig                         0x080014d7   Thumb Code    12  stm32f10x_rcc.o(.text)
    RCC_RTCCLKCmd                            0x080014e3   Thumb Code     8  stm32f10x_rcc.o(.text)
    RCC_GetClocksFreq                        0x080014eb   Thumb Code   192  stm32f10x_rcc.o(.text)
    RCC_AHBPeriphClockCmd                    0x080015ab   Thumb Code    26  stm32f10x_rcc.o(.text)
    RCC_APB2PeriphClockCmd                   0x080015c5   Thumb Code    26  stm32f10x_rcc.o(.text)
    RCC_APB1PeriphClockCmd                   0x080015df   Thumb Code    26  stm32f10x_rcc.o(.text)
    RCC_APB2PeriphResetCmd                   0x080015f9   Thumb Code    26  stm32f10x_rcc.o(.text)
    RCC_APB1PeriphResetCmd                   0x08001613   Thumb Code    26  stm32f10x_rcc.o(.text)
    RCC_BackupResetCmd                       0x0800162d   Thumb Code     8  stm32f10x_rcc.o(.text)
    RCC_ClockSecuritySystemCmd               0x08001635   Thumb Code     6  stm32f10x_rcc.o(.text)
    RCC_MCOConfig                            0x0800163b   Thumb Code     6  stm32f10x_rcc.o(.text)
    RCC_ClearFlag                            0x08001641   Thumb Code    14  stm32f10x_rcc.o(.text)
    RCC_GetITStatus                          0x0800164f   Thumb Code    20  stm32f10x_rcc.o(.text)
    RCC_ClearITPendingBit                    0x08001663   Thumb Code     6  stm32f10x_rcc.o(.text)
    SPI_I2S_DeInit                           0x08001695   Thumb Code    76  stm32f10x_spi.o(.text)
    SPI_Init                                 0x080016e1   Thumb Code    60  stm32f10x_spi.o(.text)
    I2S_Init                                 0x0800171d   Thumb Code   226  stm32f10x_spi.o(.text)
    SPI_StructInit                           0x080017ff   Thumb Code    24  stm32f10x_spi.o(.text)
    I2S_StructInit                           0x08001817   Thumb Code    20  stm32f10x_spi.o(.text)
    SPI_Cmd                                  0x0800182b   Thumb Code    24  stm32f10x_spi.o(.text)
    I2S_Cmd                                  0x08001843   Thumb Code    24  stm32f10x_spi.o(.text)
    SPI_I2S_ITConfig                         0x0800185b   Thumb Code    32  stm32f10x_spi.o(.text)
    SPI_I2S_DMACmd                           0x0800187b   Thumb Code    18  stm32f10x_spi.o(.text)
    SPI_I2S_SendData                         0x0800188d   Thumb Code     4  stm32f10x_spi.o(.text)
    SPI_I2S_ReceiveData                      0x08001891   Thumb Code     6  stm32f10x_spi.o(.text)
    SPI_NSSInternalSoftwareConfig            0x08001897   Thumb Code    30  stm32f10x_spi.o(.text)
    SPI_SSOutputCmd                          0x080018b5   Thumb Code    24  stm32f10x_spi.o(.text)
    SPI_DataSizeConfig                       0x080018cd   Thumb Code    18  stm32f10x_spi.o(.text)
    SPI_TransmitCRC                          0x080018df   Thumb Code    10  stm32f10x_spi.o(.text)
    SPI_CalculateCRC                         0x080018e9   Thumb Code    24  stm32f10x_spi.o(.text)
    SPI_GetCRC                               0x08001901   Thumb Code    16  stm32f10x_spi.o(.text)
    SPI_GetCRCPolynomial                     0x08001911   Thumb Code     6  stm32f10x_spi.o(.text)
    SPI_BiDirectionalLineConfig              0x08001917   Thumb Code    28  stm32f10x_spi.o(.text)
    SPI_I2S_GetFlagStatus                    0x08001933   Thumb Code    18  stm32f10x_spi.o(.text)
    SPI_I2S_ClearFlag                        0x08001945   Thumb Code     6  stm32f10x_spi.o(.text)
    SPI_I2S_GetITStatus                      0x0800194b   Thumb Code    52  stm32f10x_spi.o(.text)
    SPI_I2S_ClearITPendingBit                0x0800197f   Thumb Code    20  stm32f10x_spi.o(.text)
    USART_DeInit                             0x080019a1   Thumb Code   134  stm32f10x_usart.o(.text)
    USART_Init                               0x08001a27   Thumb Code   210  stm32f10x_usart.o(.text)
    USART_StructInit                         0x08001af9   Thumb Code    24  stm32f10x_usart.o(.text)
    USART_ClockInit                          0x08001b11   Thumb Code    34  stm32f10x_usart.o(.text)
    USART_ClockStructInit                    0x08001b33   Thumb Code    12  stm32f10x_usart.o(.text)
    USART_Cmd                                0x08001b3f   Thumb Code    24  stm32f10x_usart.o(.text)
    USART_ITConfig                           0x08001b57   Thumb Code    74  stm32f10x_usart.o(.text)
    USART_DMACmd                             0x08001ba1   Thumb Code    18  stm32f10x_usart.o(.text)
    USART_SetAddress                         0x08001bb3   Thumb Code    18  stm32f10x_usart.o(.text)
    USART_WakeUpConfig                       0x08001bc5   Thumb Code    18  stm32f10x_usart.o(.text)
    USART_ReceiverWakeUpCmd                  0x08001bd7   Thumb Code    24  stm32f10x_usart.o(.text)
    USART_LINBreakDetectLengthConfig         0x08001bef   Thumb Code    18  stm32f10x_usart.o(.text)
    USART_LINCmd                             0x08001c01   Thumb Code    24  stm32f10x_usart.o(.text)
    USART_SendData                           0x08001c19   Thumb Code     8  stm32f10x_usart.o(.text)
    USART_ReceiveData                        0x08001c21   Thumb Code    10  stm32f10x_usart.o(.text)
    USART_SendBreak                          0x08001c2b   Thumb Code    10  stm32f10x_usart.o(.text)
    USART_SetGuardTime                       0x08001c35   Thumb Code    16  stm32f10x_usart.o(.text)
    USART_SetPrescaler                       0x08001c45   Thumb Code    16  stm32f10x_usart.o(.text)
    USART_SmartCardCmd                       0x08001c55   Thumb Code    24  stm32f10x_usart.o(.text)
    USART_SmartCardNACKCmd                   0x08001c6d   Thumb Code    24  stm32f10x_usart.o(.text)
    USART_HalfDuplexCmd                      0x08001c85   Thumb Code    24  stm32f10x_usart.o(.text)
    USART_OverSampling8Cmd                   0x08001c9d   Thumb Code    22  stm32f10x_usart.o(.text)
    USART_OneBitMethodCmd                    0x08001cb3   Thumb Code    24  stm32f10x_usart.o(.text)
    USART_IrDAConfig                         0x08001ccb   Thumb Code    18  stm32f10x_usart.o(.text)
    USART_IrDACmd                            0x08001cdd   Thumb Code    24  stm32f10x_usart.o(.text)
    USART_GetFlagStatus                      0x08001cf5   Thumb Code    26  stm32f10x_usart.o(.text)
    USART_ClearFlag                          0x08001d0f   Thumb Code    18  stm32f10x_usart.o(.text)
    USART_GetITStatus                        0x08001d21   Thumb Code    84  stm32f10x_usart.o(.text)
    USART_ClearITPendingBit                  0x08001d75   Thumb Code    52  stm32f10x_usart.o(.text)
    TIM_DeInit                               0x08001da9   Thumb Code   424  stm32f10x_tim.o(.text)
    TIM_TimeBaseInit                         0x08001f51   Thumb Code   122  stm32f10x_tim.o(.text)
    TIM_OC1Init                              0x08001fcb   Thumb Code   132  stm32f10x_tim.o(.text)
    TIM_OC2Init                              0x0800204f   Thumb Code   154  stm32f10x_tim.o(.text)
    TIM_OC3Init                              0x080020e9   Thumb Code   150  stm32f10x_tim.o(.text)
    TIM_OC4Init                              0x0800217f   Thumb Code   182  stm32f10x_tim.o(.text)
    TIM_SetIC4Prescaler                      0x08002235   Thumb Code    26  stm32f10x_tim.o(.text)
    TIM_SetIC3Prescaler                      0x080022d1   Thumb Code    18  stm32f10x_tim.o(.text)
    TIM_SetIC2Prescaler                      0x0800235d   Thumb Code    26  stm32f10x_tim.o(.text)
    TIM_SetIC1Prescaler                      0x080023f9   Thumb Code    18  stm32f10x_tim.o(.text)
    TIM_ICInit                               0x08002477   Thumb Code   150  stm32f10x_tim.o(.text)
    TIM_PWMIConfig                           0x0800250d   Thumb Code   124  stm32f10x_tim.o(.text)
    TIM_BDTRConfig                           0x08002589   Thumb Code    32  stm32f10x_tim.o(.text)
    TIM_TimeBaseStructInit                   0x080025a9   Thumb Code    18  stm32f10x_tim.o(.text)
    TIM_OCStructInit                         0x080025bb   Thumb Code    20  stm32f10x_tim.o(.text)
    TIM_ICStructInit                         0x080025cf   Thumb Code    18  stm32f10x_tim.o(.text)
    TIM_BDTRStructInit                       0x080025e1   Thumb Code    40  stm32f10x_tim.o(.text)
    TIM_Cmd                                  0x08002609   Thumb Code    24  stm32f10x_tim.o(.text)
    TIM_CtrlPWMOutputs                       0x08002621   Thumb Code    30  stm32f10x_tim.o(.text)
    TIM_ITConfig                             0x0800263f   Thumb Code    18  stm32f10x_tim.o(.text)
    TIM_GenerateEvent                        0x08002651   Thumb Code     4  stm32f10x_tim.o(.text)
    TIM_DMAConfig                            0x08002655   Thumb Code    10  stm32f10x_tim.o(.text)
    TIM_DMACmd                               0x0800265f   Thumb Code    18  stm32f10x_tim.o(.text)
    TIM_InternalClockConfig                  0x08002671   Thumb Code    12  stm32f10x_tim.o(.text)
    TIM_SelectInputTrigger                   0x0800267d   Thumb Code    18  stm32f10x_tim.o(.text)
    TIM_ITRxExternalClockConfig              0x0800268f   Thumb Code    24  stm32f10x_tim.o(.text)
    TIM_TIxExternalClockConfig               0x080026a7   Thumb Code    62  stm32f10x_tim.o(.text)
    TIM_ETRConfig                            0x080026e5   Thumb Code    28  stm32f10x_tim.o(.text)
    TIM_ETRClockMode1Config                  0x08002701   Thumb Code    54  stm32f10x_tim.o(.text)
    TIM_ETRClockMode2Config                  0x08002737   Thumb Code    32  stm32f10x_tim.o(.text)
    TIM_PrescalerConfig                      0x08002757   Thumb Code     6  stm32f10x_tim.o(.text)
    TIM_CounterModeConfig                    0x0800275d   Thumb Code    18  stm32f10x_tim.o(.text)
    TIM_EncoderInterfaceConfig               0x0800276f   Thumb Code    66  stm32f10x_tim.o(.text)
    TIM_ForcedOC1Config                      0x080027b1   Thumb Code    18  stm32f10x_tim.o(.text)
    TIM_ForcedOC2Config                      0x080027c3   Thumb Code    26  stm32f10x_tim.o(.text)
    TIM_ForcedOC3Config                      0x080027dd   Thumb Code    18  stm32f10x_tim.o(.text)
    TIM_ForcedOC4Config                      0x080027ef   Thumb Code    26  stm32f10x_tim.o(.text)
    TIM_ARRPreloadConfig                     0x08002809   Thumb Code    24  stm32f10x_tim.o(.text)
    TIM_SelectCOM                            0x08002821   Thumb Code    24  stm32f10x_tim.o(.text)
    TIM_SelectCCDMA                          0x08002839   Thumb Code    24  stm32f10x_tim.o(.text)
    TIM_CCPreloadControl                     0x08002851   Thumb Code    24  stm32f10x_tim.o(.text)
    TIM_OC1PreloadConfig                     0x08002869   Thumb Code    18  stm32f10x_tim.o(.text)
    TIM_OC2PreloadConfig                     0x0800287b   Thumb Code    26  stm32f10x_tim.o(.text)
    TIM_OC3PreloadConfig                     0x08002895   Thumb Code    18  stm32f10x_tim.o(.text)
    TIM_OC4PreloadConfig                     0x080028a7   Thumb Code    26  stm32f10x_tim.o(.text)
    TIM_OC1FastConfig                        0x080028c1   Thumb Code    18  stm32f10x_tim.o(.text)
    TIM_OC2FastConfig                        0x080028d3   Thumb Code    26  stm32f10x_tim.o(.text)
    TIM_OC3FastConfig                        0x080028ed   Thumb Code    18  stm32f10x_tim.o(.text)
    TIM_OC4FastConfig                        0x080028ff   Thumb Code    26  stm32f10x_tim.o(.text)
    TIM_ClearOC1Ref                          0x08002919   Thumb Code    18  stm32f10x_tim.o(.text)
    TIM_ClearOC2Ref                          0x0800292b   Thumb Code    24  stm32f10x_tim.o(.text)
    TIM_ClearOC3Ref                          0x08002943   Thumb Code    18  stm32f10x_tim.o(.text)
    TIM_ClearOC4Ref                          0x08002955   Thumb Code    24  stm32f10x_tim.o(.text)
    TIM_OC1PolarityConfig                    0x0800296d   Thumb Code    18  stm32f10x_tim.o(.text)
    TIM_OC1NPolarityConfig                   0x0800297f   Thumb Code    18  stm32f10x_tim.o(.text)
    TIM_OC2PolarityConfig                    0x08002991   Thumb Code    26  stm32f10x_tim.o(.text)
    TIM_OC2NPolarityConfig                   0x080029ab   Thumb Code    26  stm32f10x_tim.o(.text)
    TIM_OC3PolarityConfig                    0x080029c5   Thumb Code    26  stm32f10x_tim.o(.text)
    TIM_OC3NPolarityConfig                   0x080029df   Thumb Code    26  stm32f10x_tim.o(.text)
    TIM_OC4PolarityConfig                    0x080029f9   Thumb Code    26  stm32f10x_tim.o(.text)
    TIM_CCxCmd                               0x08002a13   Thumb Code    30  stm32f10x_tim.o(.text)
    TIM_CCxNCmd                              0x08002a31   Thumb Code    30  stm32f10x_tim.o(.text)
    TIM_SelectOCxM                           0x08002a4f   Thumb Code    82  stm32f10x_tim.o(.text)
    TIM_UpdateDisableConfig                  0x08002aa1   Thumb Code    24  stm32f10x_tim.o(.text)
    TIM_UpdateRequestConfig                  0x08002ab9   Thumb Code    24  stm32f10x_tim.o(.text)
    TIM_SelectHallSensor                     0x08002ad1   Thumb Code    24  stm32f10x_tim.o(.text)
    TIM_SelectOnePulseMode                   0x08002ae9   Thumb Code    18  stm32f10x_tim.o(.text)
    TIM_SelectOutputTrigger                  0x08002afb   Thumb Code    18  stm32f10x_tim.o(.text)
    TIM_SelectSlaveMode                      0x08002b0d   Thumb Code    18  stm32f10x_tim.o(.text)
    TIM_SelectMasterSlaveMode                0x08002b1f   Thumb Code    18  stm32f10x_tim.o(.text)
    TIM_SetCounter                           0x08002b31   Thumb Code     4  stm32f10x_tim.o(.text)
    TIM_SetAutoreload                        0x08002b35   Thumb Code     4  stm32f10x_tim.o(.text)
    TIM_SetCompare1                          0x08002b39   Thumb Code     4  stm32f10x_tim.o(.text)
    TIM_SetCompare2                          0x08002b3d   Thumb Code     4  stm32f10x_tim.o(.text)
    TIM_SetCompare3                          0x08002b41   Thumb Code     4  stm32f10x_tim.o(.text)
    TIM_SetCompare4                          0x08002b45   Thumb Code     6  stm32f10x_tim.o(.text)
    TIM_SetClockDivision                     0x08002b4b   Thumb Code    18  stm32f10x_tim.o(.text)
    TIM_GetCapture1                          0x08002b5d   Thumb Code     6  stm32f10x_tim.o(.text)
    TIM_GetCapture2                          0x08002b63   Thumb Code     6  stm32f10x_tim.o(.text)
    TIM_GetCapture3                          0x08002b69   Thumb Code     6  stm32f10x_tim.o(.text)
    TIM_GetCapture4                          0x08002b6f   Thumb Code     8  stm32f10x_tim.o(.text)
    TIM_GetCounter                           0x08002b77   Thumb Code     6  stm32f10x_tim.o(.text)
    TIM_GetPrescaler                         0x08002b7d   Thumb Code     6  stm32f10x_tim.o(.text)
    TIM_GetFlagStatus                        0x08002b83   Thumb Code    18  stm32f10x_tim.o(.text)
    TIM_ClearFlag                            0x08002b95   Thumb Code     6  stm32f10x_tim.o(.text)
    TIM_GetITStatus                          0x08002b9b   Thumb Code    34  stm32f10x_tim.o(.text)
    TIM_ClearITPendingBit                    0x08002bbd   Thumb Code     6  stm32f10x_tim.o(.text)
    DMA_DeInit                               0x08002bc5   Thumb Code   324  stm32f10x_dma.o(.text)
    DMA_Init                                 0x08002d09   Thumb Code    60  stm32f10x_dma.o(.text)
    DMA_StructInit                           0x08002d45   Thumb Code    26  stm32f10x_dma.o(.text)
    DMA_Cmd                                  0x08002d5f   Thumb Code    24  stm32f10x_dma.o(.text)
    DMA_ITConfig                             0x08002d77   Thumb Code    18  stm32f10x_dma.o(.text)
    DMA_SetCurrDataCounter                   0x08002d89   Thumb Code     4  stm32f10x_dma.o(.text)
    DMA_GetCurrDataCounter                   0x08002d8d   Thumb Code     8  stm32f10x_dma.o(.text)
    DMA_GetFlagStatus                        0x08002d95   Thumb Code    38  stm32f10x_dma.o(.text)
    DMA_ClearFlag                            0x08002dbb   Thumb Code    22  stm32f10x_dma.o(.text)
    DMA_GetITStatus                          0x08002dd1   Thumb Code    38  stm32f10x_dma.o(.text)
    DMA_ClearITPendingBit                    0x08002df7   Thumb Code    22  stm32f10x_dma.o(.text)
    SystemInit                               0x08002ef1   Thumb Code    78  system_stm32f10x.o(.text)
    SystemCoreClockUpdate                    0x08002f3f   Thumb Code   142  system_stm32f10x.o(.text)
    Reset_Handler                            0x08002ff1   Thumb Code     8  startup_stm32f10x_md.o(.text)
    CAN1_RX1_IRQHandler                      0x0800300b   Thumb Code     0  startup_stm32f10x_md.o(.text)
    CAN1_SCE_IRQHandler                      0x0800300b   Thumb Code     0  startup_stm32f10x_md.o(.text)
    USB_HP_CAN1_TX_IRQHandler                0x0800300b   Thumb Code     0  startup_stm32f10x_md.o(.text)
    USB_LP_CAN1_RX0_IRQHandler               0x0800300b   Thumb Code     0  startup_stm32f10x_md.o(.text)
    Adafruit_PN532                           0x08003015   Thumb Code     2  adafruit_pn532.o(.text)
    chipDeSellect                            0x08003017   Thumb Code    26  adafruit_pn532.o(.text)
    spiread                                  0x08003031   Thumb Code    72  adafruit_pn532.o(.text)
    spiwrite                                 0x08003079   Thumb Code    82  adafruit_pn532.o(.text)
    chipSellect                              0x080030cb   Thumb Code    26  adafruit_pn532.o(.text)
    readspistatus                            0x080030e5   Thumb Code    32  adafruit_pn532.o(.text)
    readspidata                              0x08003105   Thumb Code    52  adafruit_pn532.o(.text)
    spi_readack                              0x08003139   Thumb Code    30  adafruit_pn532.o(.text)
    spiwritecommand                          0x08003157   Thumb Code   124  adafruit_pn532.o(.text)
    sendCommandCheckAck                      0x080031d3   Thumb Code   102  adafruit_pn532.o(.text)
    begin                                    0x08003239   Thumb Code    30  adafruit_pn532.o(.text)
    PrintHex                                 0x08003257   Thumb Code    66  adafruit_pn532.o(.text)
    PrintHexChar                             0x08003299   Thumb Code    98  adafruit_pn532.o(.text)
    getFirmwareVersion                       0x080032fb   Thumb Code    78  adafruit_pn532.o(.text)
    writeGPIO                                0x08003349   Thumb Code    64  adafruit_pn532.o(.text)
    readGPIO                                 0x08003389   Thumb Code    38  adafruit_pn532.o(.text)
    SAMConfig                                0x080033af   Thumb Code    60  adafruit_pn532.o(.text)
    setPassiveActivationRetries              0x080033eb   Thumb Code    94  adafruit_pn532.o(.text)
    readPassiveTargetID                      0x08003449   Thumb Code   118  adafruit_pn532.o(.text)
    mifareclassic_IsFirstBlock               0x080034bf   Thumb Code    34  adafruit_pn532.o(.text)
    mifareclassic_IsTrailerBlock             0x080034e1   Thumb Code    38  adafruit_pn532.o(.text)
    mifareclassic_AuthenticateBlock          0x08003507   Thumb Code   158  adafruit_pn532.o(.text)
    mifareclassic_ReadDataBlock              0x080035a5   Thumb Code    86  adafruit_pn532.o(.text)
    mifareclassic_WriteDataBlock             0x080035fb   Thumb Code    68  adafruit_pn532.o(.text)
    mifareclassic_FormatNDEF                 0x0800363f   Thumb Code   100  adafruit_pn532.o(.text)
    mifareclassic_WriteNDEFURI               0x080036a3   Thumb Code   388  adafruit_pn532.o(.text)
    mifareultralight_ReadPage                0x08003827   Thumb Code   192  adafruit_pn532.o(.text)
    mavlinkSend                              0x08003b23   Thumb Code   578  gmavlinkv1_0.o(.text)
    handle_mavlink_message                   0x08003d65   Thumb Code    58  gmavlinkv1_0.o(.text)
    mavlinkReceive                           0x08003d9f   Thumb Code   102  gmavlinkv1_0.o(.text)
    LockControlProcess                       0x08003e05   Thumb Code    96  gmavlinkv1_0.o(.text)
    __aeabi_memcpy                           0x08003f9d   Thumb Code    36  memcpya.o(.text)
    __aeabi_memcpy4                          0x08003f9d   Thumb Code     0  memcpya.o(.text)
    __aeabi_memcpy8                          0x08003f9d   Thumb Code     0  memcpya.o(.text)
    __aeabi_memset                           0x08003fc1   Thumb Code    14  memseta.o(.text)
    __aeabi_memset4                          0x08003fc1   Thumb Code     0  memseta.o(.text)
    __aeabi_memset8                          0x08003fc1   Thumb Code     0  memseta.o(.text)
    __aeabi_memclr                           0x08003fcf   Thumb Code     4  memseta.o(.text)
    __aeabi_memclr4                          0x08003fcf   Thumb Code     0  memseta.o(.text)
    __aeabi_memclr8                          0x08003fcf   Thumb Code     0  memseta.o(.text)
    _memset$wrapper                          0x08003fd3   Thumb Code    18  memseta.o(.text)
    strlen                                   0x08003fe5   Thumb Code    14  strlen.o(.text)
    strncmp                                  0x08003ff3   Thumb Code    30  strncmp.o(.text)
    __aeabi_uldivmod                         0x08004011   Thumb Code    98  uldiv.o(.text)
    __scatterload                            0x08004075   Thumb Code    28  init.o(.text)
    __scatterload_rt2                        0x08004075   Thumb Code     0  init.o(.text)
    __aeabi_llsl                             0x08004099   Thumb Code    30  llshl.o(.text)
    _ll_shift_l                              0x08004099   Thumb Code     0  llshl.o(.text)
    __aeabi_llsr                             0x080040b7   Thumb Code    32  llushr.o(.text)
    _ll_ushift_r                             0x080040b7   Thumb Code     0  llushr.o(.text)
    __0printf$5                              0x080040d9   Thumb Code    22  printf5.o(i.__0printf$5)
    __1printf$5                              0x080040d9   Thumb Code     0  printf5.o(i.__0printf$5)
    __2printf                                0x080040d9   Thumb Code     0  printf5.o(i.__0printf$5)
    __scatterload_copy                       0x080040f9   Thumb Code    14  handlers.o(i.__scatterload_copy)
    __scatterload_null                       0x08004107   Thumb Code     2  handlers.o(i.__scatterload_null)
    __scatterload_zeroinit                   0x08004109   Thumb Code    14  handlers.o(i.__scatterload_zeroinit)
    Region$$Table$$Base                      0x080044d8   Number         0  anon$$obj.o(Region$$Table)
    Region$$Table$$Limit                     0x080044f8   Number         0  anon$$obj.o(Region$$Table)
    timerStick                               0x20000000   Data           1  global.o(.data)
    success                                  0x20000001   Data           1  global.o(.data)
    uidLength                                0x20000002   Data           1  global.o(.data)
    uid                                      0x20000003   Data           7  global.o(.data)
    VirtAddVarTab                            0x2000000a   Data           2  global.o(.data)
    boardAddress                             0x2000000c   Data           2  global.o(.data)
    address                                  0x2000000e   Data           2  global.o(.data)
    lockStatus                               0x20000010   Data           1  global.o(.data)
    lockControl                              0x20000011   Data           1  global.o(.data)
    finish                                   0x20000012   Data           1  global.o(.data)
    timeOut                                  0x20000014   Data           2  global.o(.data)
    updateMav                                0x20000016   Data           2  global.o(.data)
    gMav                                     0x20000018   Data           4  global.o(.data)
    SystemCoreClock                          0x20000030   Data           4  system_stm32f10x.o(.data)
    AHBPrescTable                            0x20000034   Data          16  system_stm32f10x.o(.data)
    pn532ack                                 0x20000044   Data           6  adafruit_pn532.o(.data)
    pn532response_firmwarevers               0x2000004a   Data           6  adafruit_pn532.o(.data)
    _ss                                      0x20000050   Data           1  adafruit_pn532.o(.data)
    _clk                                     0x20000051   Data           1  adafruit_pn532.o(.data)
    _mosi                                    0x20000052   Data           1  adafruit_pn532.o(.data)
    _miso                                    0x20000053   Data           1  adafruit_pn532.o(.data)
    _uid                                     0x20000054   Data           7  adafruit_pn532.o(.data)
    _uidLen                                  0x2000005b   Data           1  adafruit_pn532.o(.data)
    _key                                     0x2000005c   Data           6  adafruit_pn532.o(.data)
    mavlink_system                           0x20000068   Data           6  gmavlinkv1_0.o(.data)
    len                                      0x2000006e   Data           1  gmavlinkv1_0.o(.data)
    __stdout                                 0x20000070   Data           4  stdout.o(.data)
    mav_tx_buffer                            0x20000074   Data         100  global.o(.bss)
    mav_rx_buffer                            0x200000d8   Data         100  global.o(.bss)
    mav_rx_tmp                               0x2000013c   Data         100  global.o(.bss)
    pn532_packetbuffer                       0x200001a0   Data          64  adafruit_pn532.o(.bss)
    msg                                      0x20000650   Data         272  gmavlinkv1_0.o(.bss)
    status                                   0x20000760   Data          12  gmavlinkv1_0.o(.bss)
    buffer                                   0x2000076c   Data         255  gmavlinkv1_0.o(.bss)
    __initial_sp                             0x20000c70   Data           0  startup_stm32f10x_md.o(STACK)



==============================================================================

Memory Map of the image

  Image Entry point : 0x080000ed

  Load Region LR_IROM1 (Base: 0x08000000, Size: 0x0000456c, Max: 0x00010000, ABSOLUTE)

    Execution Region ER_IROM1 (Base: 0x08000000, Size: 0x000044f8, Max: 0x00010000, ABSOLUTE)

    Base Addr    Size         Type   Attr      Idx    E Section Name        Object

    0x08000000   0x000000ec   Data   RO          445    RESET               startup_stm32f10x_md.o
    0x080000ec   0x00000000   Code   RO          530  * .ARM.Collect$$$$00000000  mc_w.l(entry.o)
    0x080000ec   0x00000004   Code   RO          804    .ARM.Collect$$$$00000001  mc_w.l(entry2.o)
    0x080000f0   0x00000004   Code   RO          807    .ARM.Collect$$$$00000004  mc_w.l(entry5.o)
    0x080000f4   0x00000000   Code   RO          809    .ARM.Collect$$$$00000008  mc_w.l(entry7b.o)
    0x080000f4   0x00000000   Code   RO          811    .ARM.Collect$$$$0000000A  mc_w.l(entry8b.o)
    0x080000f4   0x00000008   Code   RO          812    .ARM.Collect$$$$0000000B  mc_w.l(entry9a.o)
    0x080000fc   0x00000000   Code   RO          814    .ARM.Collect$$$$0000000D  mc_w.l(entry10a.o)
    0x080000fc   0x00000000   Code   RO          816    .ARM.Collect$$$$0000000F  mc_w.l(entry11a.o)
    0x080000fc   0x00000004   Code   RO          805    .ARM.Collect$$$$00002712  mc_w.l(entry2.o)
    0x08000100   0x000005e8   Code   RO            1    .text               global.o
    0x080006e8   0x00000144   Code   RO          121    .text               main.o
    0x0800082c   0x000000d4   Code   RO          157    .text               stm32f10x_it.o
    0x08000900   0x000000dc   Code   RO          189    .text               misc.o
    0x080009dc   0x000005bc   Code   RO          295    .text               stm32f10x_flash.o
    0x08000f98   0x00000358   Code   RO          310    .text               stm32f10x_gpio.o
    0x080012f0   0x000003a4   Code   RO          325    .text               stm32f10x_rcc.o
    0x08001694   0x0000030c   Code   RO          342    .text               stm32f10x_spi.o
    0x080019a0   0x00000408   Code   RO          357    .text               stm32f10x_usart.o
    0x08001da8   0x00000e1a   Code   RO          372    .text               stm32f10x_tim.o
    0x08002bc2   0x00000002   PAD
    0x08002bc4   0x00000250   Code   RO          387    .text               stm32f10x_dma.o
    0x08002e14   0x000001dc   Code   RO          413    .text               system_stm32f10x.o
    0x08002ff0   0x00000024   Code   RO          446    .text               startup_stm32f10x_md.o
    0x08003014   0x000008d8   Code   RO          450    .text               adafruit_pn532.o
    0x080038ec   0x000006b0   Code   RO          466    .text               gmavlinkv1_0.o
    0x08003f9c   0x00000024   Code   RO          533    .text               mc_w.l(memcpya.o)
    0x08003fc0   0x00000024   Code   RO          535    .text               mc_w.l(memseta.o)
    0x08003fe4   0x0000000e   Code   RO          537    .text               mc_w.l(strlen.o)
    0x08003ff2   0x0000001e   Code   RO          539    .text               mc_w.l(strncmp.o)
    0x08004010   0x00000062   Code   RO          821    .text               mc_w.l(uldiv.o)
    0x08004072   0x00000002   PAD
    0x08004074   0x00000024   Code   RO          834    .text               mc_w.l(init.o)
    0x08004098   0x0000001e   Code   RO          836    .text               mc_w.l(llshl.o)
    0x080040b6   0x00000020   Code   RO          838    .text               mc_w.l(llushr.o)
    0x080040d6   0x00000002   PAD
    0x080040d8   0x00000020   Code   RO          676    i.__0printf$5       mc_w.l(printf5.o)
    0x080040f8   0x0000000e   Code   RO          846    i.__scatterload_copy  mc_w.l(handlers.o)
    0x08004106   0x00000002   Code   RO          847    i.__scatterload_null  mc_w.l(handlers.o)
    0x08004108   0x0000000e   Code   RO          848    i.__scatterload_zeroinit  mc_w.l(handlers.o)
    0x08004116   0x00000002   PAD
    0x08004118   0x000002c0   Code   RO          683    i._printf_core      mc_w.l(printf5.o)
    0x080043d8   0x00000100   Data   RO          468    .constdata          gmavlinkv1_0.o
    0x080044d8   0x00000020   Data   RO          844    Region$$Table       anon$$obj.o


    Execution Region RW_IRAM1 (Base: 0x20000000, Size: 0x00000c70, Max: 0x00005000, ABSOLUTE)

    Base Addr    Size         Type   Attr      Idx    E Section Name        Object

    0x20000000   0x0000001c   Data   RW            3    .data               global.o
    0x2000001c   0x00000014   Data   RW          326    .data               stm32f10x_rcc.o
    0x20000030   0x00000014   Data   RW          414    .data               system_stm32f10x.o
    0x20000044   0x0000001e   Data   RW          452    .data               adafruit_pn532.o
    0x20000062   0x00000002   PAD
    0x20000064   0x0000000b   Data   RW          469    .data               gmavlinkv1_0.o
    0x2000006f   0x00000001   PAD
    0x20000070   0x00000004   Data   RW          818    .data               mc_w.l(stdout.o)
    0x20000074   0x0000012c   Zero   RW            2    .bss                global.o
    0x200001a0   0x00000040   Zero   RW          451    .bss                adafruit_pn532.o
    0x200001e0   0x0000068b   Zero   RW          467    .bss                gmavlinkv1_0.o
    0x2000086b   0x00000005   PAD
    0x20000870   0x00000400   Zero   RW          443    STACK               startup_stm32f10x_md.o


==============================================================================

Image component sizes


      Code (inc. data)   RO Data    RW Data    ZI Data      Debug   Object Name

      2264        172          0         30         64       9293   adafruit_pn532.o
         0          0          0          0          0         32   core_cm3.o
      1512         48          0         28        300     267371   global.o
      1712        114        256         11       1675      25433   gmavlinkv1_0.o
       324         46          0          0          0      19222   main.o
       220         20          0          0          0     214301   misc.o
        36          8        236          0       1024        868   startup_stm32f10x_md.o
       592          8          0          0          0      14342   stm32f10x_dma.o
      1468         34          0          0          0      14558   stm32f10x_flash.o
       856         40          0          0          0      14193   stm32f10x_gpio.o
       212         16          0          0          0       7492   stm32f10x_it.o
       932         44          0         20          0      17736   stm32f10x_rcc.o
       780         14          0          0          0      13622   stm32f10x_spi.o
      3610         88          0          0          0      42664   stm32f10x_tim.o
      1032         22          0          0          0      14600   stm32f10x_usart.o
       476         36          0         20          0       1955   system_stm32f10x.o

    ----------------------------------------------------------------------
     16028        710        524        112       3068     677682   Object Totals
         0          0         32          0          0          0   (incl. Generated)
         2          0          0          3          5          0   (incl. Padding)

    ----------------------------------------------------------------------

      Code (inc. data)   RO Data    RW Data    ZI Data      Debug   Library Member Name

         0          0          0          0          0          0   entry.o
         0          0          0          0          0          0   entry10a.o
         0          0          0          0          0          0   entry11a.o
         8          4          0          0          0          0   entry2.o
         4          0          0          0          0          0   entry5.o
         0          0          0          0          0          0   entry7b.o
         0          0          0          0          0          0   entry8b.o
         8          4          0          0          0          0   entry9a.o
        30          0          0          0          0          0   handlers.o
        36          8          0          0          0         68   init.o
        30          0          0          0          0         68   llshl.o
        32          0          0          0          0         68   llushr.o
        36          0          0          0          0         68   memcpya.o
        36          0          0          0          0        108   memseta.o
       736         56          0          0          0        184   printf5.o
         0          0          0          4          0          0   stdout.o
        14          0          0          0          0         68   strlen.o
        30          0          0          0          0         80   strncmp.o
        98          0          0          0          0         92   uldiv.o

    ----------------------------------------------------------------------
      1104         72          0          4          0        804   Library Totals
         6          0          0          0          0          0   (incl. Padding)

    ----------------------------------------------------------------------

      Code (inc. data)   RO Data    RW Data    ZI Data      Debug   Library Name

      1098         72          0          4          0        804   mc_w.l

    ----------------------------------------------------------------------
      1104         72          0          4          0        804   Library Totals

    ----------------------------------------------------------------------

==============================================================================


      Code (inc. data)   RO Data    RW Data    ZI Data      Debug   

     17132        782        524        116       3068     676406   Grand Totals
     17132        782        524        116       3068     676406   ELF Image Totals
     17132        782        524        116          0          0   ROM Totals

==============================================================================

    Total RO  Size (Code + RO Data)                17656 (  17.24kB)
    Total RW  Size (RW Data + ZI Data)              3184 (   3.11kB)
    Total ROM Size (Code + RO Data + RW Data)      17772 (  17.36kB)

==============================================================================

